Component: ARM Compiler 5.06 update 7 (build 960) Tool: armlink [4d3601]

==============================================================================

Section Cross References

    startup_stm32f407xx.o(STACK) refers (Special) to heapauxi.o(.text) for __use_two_region_memory
    startup_stm32f407xx.o(HEAP) refers (Special) to heapauxi.o(.text) for __use_two_region_memory
    startup_stm32f407xx.o(RESET) refers (Special) to heapauxi.o(.text) for __use_two_region_memory
    startup_stm32f407xx.o(RESET) refers to startup_stm32f407xx.o(STACK) for __initial_sp
    startup_stm32f407xx.o(RESET) refers to startup_stm32f407xx.o(.text) for Reset_Handler
    startup_stm32f407xx.o(RESET) refers to stm32f4xx_it.o(i.NMI_Handler) for NMI_Handler
    startup_stm32f407xx.o(RESET) refers to stm32f4xx_it.o(i.HardFault_Handler) for HardFault_Handler
    startup_stm32f407xx.o(RESET) refers to stm32f4xx_it.o(i.MemManage_Handler) for MemManage_Handler
    startup_stm32f407xx.o(RESET) refers to stm32f4xx_it.o(i.BusFault_Handler) for BusFault_Handler
    startup_stm32f407xx.o(RESET) refers to stm32f4xx_it.o(i.UsageFault_Handler) for UsageFault_Handler
    startup_stm32f407xx.o(RESET) refers to stm32f4xx_it.o(i.SVC_Handler) for SVC_Handler
    startup_stm32f407xx.o(RESET) refers to stm32f4xx_it.o(i.DebugMon_Handler) for DebugMon_Handler
    startup_stm32f407xx.o(RESET) refers to stm32f4xx_it.o(i.PendSV_Handler) for PendSV_Handler
    startup_stm32f407xx.o(RESET) refers to stm32f4xx_it.o(i.SysTick_Handler) for SysTick_Handler
    startup_stm32f407xx.o(RESET) refers to stm32f4xx_it.o(i.TIM2_IRQHandler) for TIM2_IRQHandler
    startup_stm32f407xx.o(RESET) refers to stm32f4xx_it.o(i.USART1_IRQHandler) for USART1_IRQHandler
    startup_stm32f407xx.o(RESET) refers to stm32f4xx_it.o(i.TIM5_IRQHandler) for TIM5_IRQHandler
    startup_stm32f407xx.o(.text) refers (Special) to heapauxi.o(.text) for __use_two_region_memory
    startup_stm32f407xx.o(.text) refers to system_stm32f4xx.o(i.SystemInit) for SystemInit
    startup_stm32f407xx.o(.text) refers to __main.o(!!!main) for __main
    startup_stm32f407xx.o(.text) refers to startup_stm32f407xx.o(HEAP) for Heap_Mem
    startup_stm32f407xx.o(.text) refers to startup_stm32f407xx.o(STACK) for Stack_Mem
    main.o(.rev16_text) refers (Special) to use_no_semi_2.o(.text) for __use_no_semihosting
    main.o(.revsh_text) refers (Special) to use_no_semi_2.o(.text) for __use_no_semihosting
    main.o(.rrx_text) refers (Special) to use_no_semi_2.o(.text) for __use_no_semihosting
    main.o(i.Error_Handler) refers (Special) to use_no_semi_2.o(.text) for __use_no_semihosting
    main.o(i.HAL_TIM_PeriodElapsedCallback) refers (Special) to use_no_semi_2.o(.text) for __use_no_semihosting
    main.o(i.HAL_TIM_PeriodElapsedCallback) refers to tim.o(.bss) for htim5
    main.o(i.HAL_TIM_PeriodElapsedCallback) refers to main.o(.data) for .data
    main.o(i.HAL_UART_RxCpltCallback) refers (Special) to use_no_semi_2.o(.text) for __use_no_semihosting
    main.o(i.HAL_UART_RxCpltCallback) refers to atoi.o(.text) for atoi
    main.o(i.HAL_UART_RxCpltCallback) refers to dflt_clz.o(x$fpl$dflt) for __aeabi_i2d
    main.o(i.HAL_UART_RxCpltCallback) refers to pow.o(i.__hardfp_pow) for __hardfp_pow
    main.o(i.HAL_UART_RxCpltCallback) refers to dmul.o(x$fpl$dmul) for __aeabi_dmul
    main.o(i.HAL_UART_RxCpltCallback) refers to dfix.o(x$fpl$dfix) for __aeabi_d2iz
    main.o(i.HAL_UART_RxCpltCallback) refers to stm32f4xx_hal_uart.o(i.HAL_UART_Receive_IT) for HAL_UART_Receive_IT
    main.o(i.HAL_UART_RxCpltCallback) refers to usart.o(.bss) for huart1
    main.o(i.HAL_UART_RxCpltCallback) refers to main.o(.data) for .data
    main.o(i.HAL_UART_RxCpltCallback) refers to usart.o(.bss) for RxBuffer
    main.o(i.SystemClock_Config) refers (Special) to use_no_semi_2.o(.text) for __use_no_semihosting
    main.o(i.SystemClock_Config) refers to rt_memclr_w.o(.text) for __aeabi_memclr4
    main.o(i.SystemClock_Config) refers to stm32f4xx_hal_rcc.o(i.HAL_RCC_OscConfig) for HAL_RCC_OscConfig
    main.o(i.SystemClock_Config) refers to stm32f4xx_hal_rcc.o(i.HAL_RCC_ClockConfig) for HAL_RCC_ClockConfig
    main.o(i._sys_exit) refers (Special) to use_no_semi_2.o(.text) for __use_no_semihosting
    main.o(i.fputc) refers (Special) to use_no_semi_2.o(.text) for __use_no_semihosting
    main.o(i.main) refers (Special) to use_no_semi_2.o(.text) for __use_no_semihosting
    main.o(i.main) refers to _printf_percent.o(.ARM.Collect$$_printf_percent$$00000000) for _printf_percent
    main.o(i.main) refers to _printf_d.o(.ARM.Collect$$_printf_percent$$00000009) for _printf_d
    main.o(i.main) refers to _printf_dec.o(.text) for _printf_int_dec
    main.o(i.main) refers to stm32f4xx_hal.o(i.HAL_Init) for HAL_Init
    main.o(i.main) refers to main.o(i.SystemClock_Config) for SystemClock_Config
    main.o(i.main) refers to gpio.o(i.MX_GPIO_Init) for MX_GPIO_Init
    main.o(i.main) refers to tim.o(i.MX_TIM2_Init) for MX_TIM2_Init
[...]
    .text                                    0x08000286   Section      238  lludivv7m.o(.text)
    .text                                    0x08000374   Section        0  noretval__2printf.o(.text)
    .text                                    0x0800038c   Section        0  __printf.o(.text)
    .text                                    0x080003f4   Section        0  _printf_dec.o(.text)
    .text                                    0x0800046c   Section        0  atoi.o(.text)
    .text                                    0x08000486   Section       78  rt_memclr_w.o(.text)
    .text                                    0x080004d4   Section        0  heapauxi.o(.text)
    .text                                    0x080004da   Section        2  use_no_semi.o(.text)
    .text                                    0x080004dc   Section        8  rt_errno_addr_intlibspace.o(.text)
    .text                                    0x080004e4   Section        0  _rserrno.o(.text)
    .text                                    0x080004fa   Section        0  _printf_intcommon.o(.text)
    .text                                    0x080005ac   Section        0  _printf_char_file.o(.text)
    .text                                    0x080005d0   Section        0  strtol.o(.text)
    .text                                    0x08000640   Section        8  libspace.o(.text)
    .text                                    0x08000648   Section       16  rt_ctype_table.o(.text)
    .text                                    0x08000658   Section        0  _printf_char_common.o(.text)
    _printf_input_char                       0x08000659   Thumb Code    10  _printf_char_common.o(.text)
    .text                                    0x08000688   Section        0  _strtoul.o(.text)
    .text                                    0x08000726   Section        0  ferror.o(.text)
    .text                                    0x0800072e   Section       74  sys_stackheap_outer.o(.text)
    .text                                    0x08000778   Section        8  rt_locale_intlibspace.o(.text)
    .text                                    0x08000780   Section        0  _chval.o(.text)
    .text                                    0x0800079c   Section        0  exit.o(.text)
    .text                                    0x080007b0   Section      128  strcmpv7m.o(.text)
    i.BusFault_Handler                       0x08000830   Section        0  stm32f4xx_it.o(i.BusFault_Handler)
    i.DebugMon_Handler                       0x08000832   Section        0  stm32f4xx_it.o(i.DebugMon_Handler)
    i.Error_Handler                          0x08000834   Section        0  main.o(i.Error_Handler)
    i.HAL_DMA_Abort                          0x08000838   Section        0  stm32f4xx_hal_dma.o(i.HAL_DMA_Abort)
    i.HAL_DMA_Abort_IT                       0x080008ca   Section        0  stm32f4xx_hal_dma.o(i.HAL_DMA_Abort_IT)
    i.HAL_GPIO_Init                          0x080008f0   Section        0  stm32f4xx_hal_gpio.o(i.HAL_GPIO_Init)
    i.HAL_GPIO_ReadPin                       0x08000ae0   Section        0  stm32f4xx_hal_gpio.o(i.HAL_GPIO_ReadPin)
    i.HAL_GPIO_WritePin                      0x08000aea   Section        0  stm32f4xx_hal_gpio.o(i.HAL_GPIO_WritePin)
    i.HAL_GetTick                            0x08000af4   Section        0  stm32f4xx_hal.o(i.HAL_GetTick)
    i.HAL_IncTick                            0x08000b00   Section        0  stm32f4xx_hal.o(i.HAL_IncTick)
    i.HAL_Init                               0x08000b10   Section        0  stm32f4xx_hal.o(i.HAL_Init)
    i.HAL_InitTick                           0x08000b44   Section        0  stm32f4xx_hal.o(i.HAL_InitTick)
    i.HAL_MspInit                            0x08000b84   Section        0  stm32f4xx_hal_msp.o(i.HAL_MspInit)
    i.HAL_NVIC_EnableIRQ                     0x08000bb8   Section        0  stm32f4xx_hal_cortex.o(i.HAL_NVIC_EnableIRQ)
    i.HAL_NVIC_SetPriority                   0x08000bd4   Section        0  stm32f4xx_hal_cortex.o(i.HAL_NVIC_SetPriority)
    i.HAL_NVIC_SetPriorityGrouping           0x08000c14   Section        0  stm32f4xx_hal_cortex.o(i.HAL_NVIC_SetPriorityGrouping)
    i.HAL_RCC_ClockConfig                    0x08000c38   Section        0  stm32f4xx_hal_rcc.o(i.HAL_RCC_ClockConfig)
    i.HAL_RCC_GetPCLK1Freq                   0x08000d6c   Section        0  stm32f4xx_hal_rcc.o(i.HAL_RCC_GetPCLK1Freq)
    i.HAL_RCC_GetPCLK2Freq                   0x08000d8c   Section        0  stm32f4xx_hal_rcc.o(i.HAL_RCC_GetPCLK2Freq)
    i.HAL_RCC_GetSysClockFreq                0x08000dac   Section        0  stm32f4xx_hal_rcc.o(i.HAL_RCC_GetSysClockFreq)
    i.HAL_RCC_OscConfig                      0x08000e0c   Section        0  stm32f4xx_hal_rcc.o(i.HAL_RCC_OscConfig)
    i.HAL_SYSTICK_Config                     0x08001178   Section        0  stm32f4xx_hal_cortex.o(i.HAL_SYSTICK_Config)
    i.HAL_TIMEx_BreakCallback                0x080011a0   Section        0  stm32f4xx_hal_tim_ex.o(i.HAL_TIMEx_BreakCallback)
    i.HAL_TIMEx_CommutCallback               0x080011a2   Section        0  stm32f4xx_hal_tim_ex.o(i.HAL_TIMEx_CommutCallback)
    i.HAL_TIMEx_MasterConfigSynchronization  0x080011a4   Section        0  stm32f4xx_hal_tim_ex.o(i.HAL_TIMEx_MasterConfigSynchronization)
    i.HAL_TIM_Base_Init                      0x08001234   Section        0  stm32f4xx_hal_tim.o(i.HAL_TIM_Base_Init)
    i.HAL_TIM_Base_MspInit                   0x08001290   Section        0  tim.o(i.HAL_TIM_Base_MspInit)
    i.HAL_TIM_Base_Start_IT                  0x08001324   Section        0  stm32f4xx_hal_tim.o(i.HAL_TIM_Base_Start_IT)
    i.HAL_TIM_Base_Stop_IT                   0x080013a4   Section        0  stm32f4xx_hal_tim.o(i.HAL_TIM_Base_Stop_IT)
    i.HAL_TIM_ConfigClockSource              0x080013d4   Section        0  stm32f4xx_hal_tim.o(i.HAL_TIM_ConfigClockSource)
    i.HAL_TIM_IC_CaptureCallback             0x080014b0   Section        0  stm32f4xx_hal_tim.o(i.HAL_TIM_IC_CaptureCallback)
    i.HAL_TIM_IRQHandler                     0x080014b2   Section        0  stm32f4xx_hal_tim.o(i.HAL_TIM_IRQHandler)
    i.HAL_TIM_MspPostInit                    0x080015e4   Section        0  tim.o(i.HAL_TIM_MspPostInit)
    i.HAL_TIM_OC_DelayElapsedCallback        0x08001660   Section        0  stm32f4xx_hal_tim.o(i.HAL_TIM_OC_DelayElapsedCallback)
    i.HAL_TIM_PWM_ConfigChannel              0x08001662   Section        0  stm32f4xx_hal_tim.o(i.HAL_TIM_PWM_ConfigChannel)
    i.HAL_TIM_PWM_Init                       0x0800172e   Section        0  stm32f4xx_hal_tim.o(i.HAL_TIM_PWM_Init)
    i.HAL_TIM_PWM_MspInit                    0x08001788   Section        0  stm32f4xx_hal_tim.o(i.HAL_TIM_PWM_MspInit)
    i.HAL_TIM_PWM_PulseFinishedCallback      0x0800178a   Section        0  stm32f4xx_hal_tim.o(i.HAL_TIM_PWM_PulseFinishedCallback)
    i.HAL_TIM_PWM_Start                      0x0800178c   Section        0  stm32f4xx_hal_tim.o(i.HAL_TIM_PWM_Start)
    i.HAL_TIM_PWM_Stop                       0x08001854   Section        0  stm32f4xx_hal_tim.o(i.HAL_TIM_PWM_Stop)
    i.HAL_TIM_PeriodElapsedCallback          0x080018d0   Section        0  main.o(i.HAL_TIM_PeriodElapsedCallback)
    i.HAL_TIM_TriggerCallback                0x08001914   Section        0  stm32f4xx_hal_tim.o(i.HAL_TIM_TriggerCallback)
    i.HAL_UARTEx_RxEventCallback             0x08001916   Section        0  stm32f4xx_hal_uart.o(i.HAL_UARTEx_RxEventCallback)
    i.HAL_UART_ErrorCallback                 0x08001918   Section        0  stm32f4xx_hal_uart.o(i.HAL_UART_ErrorCallback)
    i.HAL_UART_IRQHandler                    0x0800191c   Section        0  stm32f4xx_hal_uart.o(i.HAL_UART_IRQHandler)
    i.HAL_UART_Init                          0x08001b8c   Section        0  stm32f4xx_hal_uart.o(i.HAL_UART_Init)
    i.HAL_UART_MspInit                       0x08001bf0   Section        0  usart.o(i.HAL_UART_MspInit)
    i.HAL_UART_Receive_IT                    0x08001c84   Section        0  stm32f4xx_hal_uart.o(i.HAL_UART_Receive_IT)
    i.HAL_UART_RxCpltCallback                0x08001ca0   Section        0  main.o(i.HAL_UART_RxCpltCallback)
    i.HAL_UART_TxCpltCallback                0x08001de4   Section        0  stm32f4xx_hal_uart.o(i.HAL_UART_TxCpltCallback)
    i.HardFault_Handler                      0x08001de6   Section        0  stm32f4xx_it.o(i.HardFault_Handler)
    i.MX_GPIO_Init                           0x08001de8   Section        0  gpio.o(i.MX_GPIO_Init)
    i.MX_TIM2_Init                           0x08001eac   Section        0  tim.o(i.MX_TIM2_Init)
    i.MX_TIM3_Init                           0x08001f10   Section        0  tim.o(i.MX_TIM3_Init)
    i.MX_TIM4_Init                           0x08001fac   Section        0  tim.o(i.MX_TIM4_Init)
    i.MX_TIM5_Init                           0x08002048   Section        0  tim.o(i.MX_TIM5_Init)
    i.MX_USART1_UART_Init                    0x080020b0   Section        0  usart.o(i.MX_USART1_UART_Init)
    i.MemManage_Handler                      0x080020e8   Section        0  stm32f4xx_it.o(i.MemManage_Handler)
    i.NMI_Handler                            0x080020ea   Section        0  stm32f4xx_it.o(i.NMI_Handler)
    i.PendSV_Handler                         0x080020ec   Section        0  stm32f4xx_it.o(i.PendSV_Handler)
    i.SVC_Handler                            0x080020ee   Section        0  stm32f4xx_it.o(i.SVC_Handler)
    i.SysTick_Handler                        0x080020f0   Section        0  stm32f4xx_it.o(i.SysTick_Handler)
    i.SystemClock_Config                     0x080020f4   Section        0  main.o(i.SystemClock_Config)
    i.SystemInit                             0x08002188   Section        0  system_stm32f4xx.o(i.SystemInit)
    i.TIM2_IRQHandler                        0x08002198   Section        0  stm32f4xx_it.o(i.TIM2_IRQHandler)
    i.TIM5_IRQHandler                        0x080021a4   Section        0  stm32f4xx_it.o(i.TIM5_IRQHandler)
    i.TIM_Base_SetConfig                     0x080021b0   Section        0  stm32f4xx_hal_tim.o(i.TIM_Base_SetConfig)
    i.TIM_CCxChannelCmd                      0x08002288   Section        0  stm32f4xx_hal_tim.o(i.TIM_CCxChannelCmd)
    i.TIM_ETR_SetConfig                      0x080022a2   Section        0  stm32f4xx_hal_tim.o(i.TIM_ETR_SetConfig)
    i.TIM_ITRx_SetConfig                     0x080022b6   Section        0  stm32f4xx_hal_tim.o(i.TIM_ITRx_SetConfig)
    TIM_ITRx_SetConfig                       0x080022b7   Thumb Code    16  stm32f4xx_hal_tim.o(i.TIM_ITRx_SetConfig)
    i.TIM_OC1_SetConfig                      0x080022c8   Section        0  stm32f4xx_hal_tim.o(i.TIM_OC1_SetConfig)
    TIM_OC1_SetConfig                        0x080022c9   Thumb Code    88  stm32f4xx_hal_tim.o(i.TIM_OC1_SetConfig)
    i.TIM_OC2_SetConfig                      0x08002328   Section        0  stm32f4xx_hal_tim.o(i.TIM_OC2_SetConfig)
    i.TIM_OC3_SetConfig                      0x08002394   Section        0  stm32f4xx_hal_tim.o(i.TIM_OC3_SetConfig)
    TIM_OC3_SetConfig                        0x08002395   Thumb Code    96  stm32f4xx_hal_tim.o(i.TIM_OC3_SetConfig)
    i.TIM_OC4_SetConfig                      0x080023fc   Section        0  stm32f4xx_hal_tim.o(i.TIM_OC4_SetConfig)
    TIM_OC4_SetConfig                        0x080023fd   Thumb Code    70  stm32f4xx_hal_tim.o(i.TIM_OC4_SetConfig)
    i.TIM_TI1_ConfigInputStage               0x0800244c   Section        0  stm32f4xx_hal_tim.o(i.TIM_TI1_ConfigInputStage)
    TIM_TI1_ConfigInputStage                 0x0800244d   Thumb Code    34  stm32f4xx_hal_tim.o(i.TIM_TI1_ConfigInputStage)
    i.TIM_TI2_ConfigInputStage               0x0800246e   Section        0  stm32f4xx_hal_tim.o(i.TIM_TI2_ConfigInputStage)
    TIM_TI2_ConfigInputStage                 0x0800246f   Thumb Code    36  stm32f4xx_hal_tim.o(i.TIM_TI2_ConfigInputStage)
    i.UART_DMAAbortOnError                   0x08002492   Section        0  stm32f4xx_hal_uart.o(i.UART_DMAAbortOnError)
    UART_DMAAbortOnError                     0x08002493   Thumb Code    16  stm32f4xx_hal_uart.o(i.UART_DMAAbortOnError)
    i.UART_EndRxTransfer                     0x080024a2   Section        0  stm32f4xx_hal_uart.o(i.UART_EndRxTransfer)
    UART_EndRxTransfer                       0x080024a3   Thumb Code    78  stm32f4xx_hal_uart.o(i.UART_EndRxTransfer)
    i.UART_Receive_IT                        0x080024f0   Section        0  stm32f4xx_hal_uart.o(i.UART_Receive_IT)
    UART_Receive_IT                          0x080024f1   Thumb Code   194  stm32f4xx_hal_uart.o(i.UART_Receive_IT)
    i.UART_SetConfig                         0x080025b4   Section        0  stm32f4xx_hal_uart.o(i.UART_SetConfig)
    UART_SetConfig                           0x080025b5   Thumb Code   258  stm32f4xx_hal_uart.o(i.UART_SetConfig)
    i.UART_Start_Receive_IT                  0x080026c0   Section        0  stm32f4xx_hal_uart.o(i.UART_Start_Receive_IT)
    i.USART1_IRQHandler                      0x080026f8   Section        0  stm32f4xx_it.o(i.USART1_IRQHandler)
    i.UsageFault_Handler                     0x08002704   Section        0  stm32f4xx_it.o(i.UsageFault_Handler)
    i.__ARM_fpclassify                       0x08002706   Section        0  fpclassify.o(i.__ARM_fpclassify)
    i.__NVIC_SetPriority                     0x08002736   Section        0  stm32f4xx_hal_cortex.o(i.__NVIC_SetPriority)
    __NVIC_SetPriority                       0x08002737   Thumb Code    32  stm32f4xx_hal_cortex.o(i.__NVIC_SetPriority)
    i.__hardfp_pow                           0x08002758   Section        0  pow.o(i.__hardfp_pow)
    i.__kernel_poly                          0x080033a8   Section        0  poly.o(i.__kernel_poly)
    i.__mathlib_dbl_divzero                  0x080034a0   Section        0  dunder.o(i.__mathlib_dbl_divzero)
    i.__mathlib_dbl_infnan2                  0x080034d0   Section        0  dunder.o(i.__mathlib_dbl_infnan2)
    i.__mathlib_dbl_invalid                  0x080034e8   Section        0  dunder.o(i.__mathlib_dbl_invalid)
    i.__mathlib_dbl_overflow                 0x08003508   Section        0  dunder.o(i.__mathlib_dbl_overflow)
    i.__mathlib_dbl_underflow                0x08003528   Section        0  dunder.o(i.__mathlib_dbl_underflow)
    i._sys_exit                              0x08003548   Section        0  main.o(i._sys_exit)
    i.fabs                                   0x0800354a   Section        0  fabs.o(i.fabs)
    i.fputc                                  0x08003564   Section        0  main.o(i.fputc)
    i.main                                   0x08003578   Section        0  main.o(i.main)
    i.sqrt                                   0x080037c0   Section        0  sqrt.o(i.sqrt)
    locale$$code                             0x08003830   Section       44  lc_ctype_c.o(locale$$code)
    x$fpl$basic                              0x0800385c   Section       24  basic.o(x$fpl$basic)
    $v0                                      0x0800385c   Number         0  basic.o(x$fpl$basic)
    x$fpl$dadd                               0x08003874   Section      336  daddsub_clz.o(x$fpl$dadd)
    $v0                                      0x08003874   Number         0  daddsub_clz.o(x$fpl$dadd)
    _dadd1                                   0x08003885   Thumb Code     0  daddsub_clz.o(x$fpl$dadd)
    x$fpl$dcheck1                            0x080039c4   Section       16  dcheck1.o(x$fpl$dcheck1)
    $v0                                      0x080039c4   Number         0  dcheck1.o(x$fpl$dcheck1)
    x$fpl$dcmpinf                            0x080039d4   Section       24  dcmpi.o(x$fpl$dcmpinf)
    $v0                                      0x080039d4   Number         0  dcmpi.o(x$fpl$dcmpinf)
    x$fpl$ddiv                               0x080039ec   Section      688  ddiv.o(x$fpl$ddiv)
    $v0                                      0x080039ec   Number         0  ddiv.o(x$fpl$ddiv)
    ddiv_entry                               0x080039f3   Thumb Code     0  ddiv.o(x$fpl$ddiv)
    x$fpl$dfix                               0x08003c9c   Section       94  dfix.o(x$fpl$dfix)
    $v0                                      0x08003c9c   Number         0  dfix.o(x$fpl$dfix)
    x$fpl$dflt                               0x08003cfa   Section       46  dflt_clz.o(x$fpl$dflt)
    $v0                                      0x08003cfa   Number         0  dflt_clz.o(x$fpl$dflt)
    x$fpl$dleqf                              0x08003d28   Section      120  dleqf.o(x$fpl$dleqf)
    $v0                                      0x08003d28   Number         0  dleqf.o(x$fpl$dleqf)
    x$fpl$dmul                               0x08003da0   Section      340  dmul.o(x$fpl$dmul)
    $v0                                      0x08003da0   Number         0  dmul.o(x$fpl$dmul)
    x$fpl$dnaninf                            0x08003ef4   Section      156  dnaninf.o(x$fpl$dnaninf)
    $v0                                      0x08003ef4   Number         0  dnaninf.o(x$fpl$dnaninf)
    x$fpl$dretinf                            0x08003f90   Section       12  dretinf.o(x$fpl$dretinf)
    $v0                                      0x08003f90   Number         0  dretinf.o(x$fpl$dretinf)
    x$fpl$drleqf                             0x08003f9c   Section      108  drleqf.o(x$fpl$drleqf)
    $v0                                      0x08003f9c   Number         0  drleqf.o(x$fpl$drleqf)
    x$fpl$drsb                               0x08004008   Section       22  daddsub_clz.o(x$fpl$drsb)
    $v0                                      0x08004008   Number         0  daddsub_clz.o(x$fpl$drsb)
    x$fpl$dsqrt                              0x08004020   Section      408  dsqrt_umaal.o(x$fpl$dsqrt)
    $v0                                      0x08004020   Number         0  dsqrt_umaal.o(x$fpl$dsqrt)
    x$fpl$dsub                               0x080041b8   Section      468  daddsub_clz.o(x$fpl$dsub)
    $v0                                      0x080041b8   Number         0  daddsub_clz.o(x$fpl$dsub)
    _dsub1                                   0x080041c9   Thumb Code     0  daddsub_clz.o(x$fpl$dsub)
    x$fpl$fpinit                             0x0800438c   Section       10  fpinit.o(x$fpl$fpinit)
    $v0                                      0x0800438c   Number         0  fpinit.o(x$fpl$fpinit)
    x$fpl$retnan                             0x08004396   Section      100  retnan.o(x$fpl$retnan)
    $v0                                      0x08004396   Number         0  retnan.o(x$fpl$retnan)
    x$fpl$scalbn                             0x080043fa   Section       92  scalbn.o(x$fpl$scalbn)
    $v0                                      0x080043fa   Number         0  scalbn.o(x$fpl$scalbn)
    x$fpl$trapveneer                         0x08004456   Section       48  trapv.o(x$fpl$trapveneer)
    $v0                                      0x08004456   Number         0  trapv.o(x$fpl$trapveneer)
    .constdata                               0x08004486   Section       16  system_stm32f4xx.o(.constdata)
    x$fpl$usenofp                            0x08004486   Section        0  usenofp.o(x$fpl$usenofp)
    .constdata                               0x08004496   Section        8  system_stm32f4xx.o(.constdata)
    .constdata                               0x080044a0   Section      136  pow.o(.constdata)
    bp                                       0x080044a0   Data          16  pow.o(.constdata)
    dp_h                                     0x080044b0   Data          16  pow.o(.constdata)
    dp_l                                     0x080044c0   Data          16  pow.o(.constdata)
    L                                        0x080044d0   Data          48  pow.o(.constdata)
    P                                        0x08004500   Data          40  pow.o(.constdata)
    .constdata                               0x08004528   Section        8  qnan.o(.constdata)
    .conststring                             0x08004530   Section       91  main.o(.conststring)
    locale$$data                             0x080045ac   Section      272  lc_ctype_c.o(locale$$data)
    __lcctype_c_name                         0x080045b0   Data           2  lc_ctype_c.o(locale$$data)
    __lcctype_c_start                        0x080045b8   Data           0  lc_ctype_c.o(locale$$data)
    __lcctype_c_end                          0x080046bc   Data           0  lc_ctype_c.o(locale$$data)
    .data                                    0x20000000   Section       92  main.o(.data)
    .data                                    0x2000005c   Section        4  main.o(.data)
    .data                                    0x20000060   Section       12  stm32f4xx_hal.o(.data)
    .data                                    0x2000006c   Section        4  system_stm32f4xx.o(.data)
    .bss                                     0x20000070   Section      288  tim.o(.bss)
    .bss                                     0x20000190   Section       19  usart.o(.bss)
    .bss                                     0x200001a4   Section       72  usart.o(.bss)
    .bss                                     0x200001ec   Section       96  libspace.o(.bss)
    HEAP                                     0x20000250   Section      512  startup_stm32f407xx.o(HEAP)
    Heap_Mem                                 0x20000250   Data         512  startup_stm32f407xx.o(HEAP)
    STACK                                    0x20000450   Section     1024  startup_stm32f407xx.o(STACK)
    Stack_Mem                                0x20000450   Data        1024  startup_stm32f407xx.o(STACK)
    __initial_sp                             0x20000850   Data           0  startup_stm32f407xx.o(STACK)

    Global Symbols

    Symbol Name                              Value     Ov Type        Size  Object(Section)

    BuildAttributes$$THM_ISAv4$E$P$D$K$B$S$7EM$VFPi3$EXTD16$VFPS$VFMA$PE$A:L22UL41UL21$X:L11$S22US41US21$IEEE1$IW$USESV6$~STKCKD$USESV7$~SHL$OTIME$ROPI$IEEEX$EBA8$UX$STANDARDLIB$REQ8$PRES8$EABIv2 0x00000000   Number         0  anon$$obj.o ABSOLUTE
    __ARM_use_no_argv                        0x00000000   Number         0  main.o ABSOLUTE
    __ARM_exceptions_init                     - Undefined Weak Reference
    __alloca_initialize                       - Undefined Weak Reference
    __arm_fini_                               - Undefined Weak Reference
    __arm_preinit_                            - Undefined Weak Reference
    __cpp_initialize__aeabi_                  - Undefined Weak Reference
    __cxa_finalize                            - Undefined Weak Reference
    __sigvec_lookup                           - Undefined Weak Reference
    _atexit_init                              - Undefined Weak Reference
    _call_atexit_fns                          - Undefined Weak Reference
    _clock_init                               - Undefined Weak Reference
    _fp_trap_init                             - Undefined Weak Reference
    _fp_trap_shutdown                         - Undefined Weak Reference
    _get_lc_collate                           - Undefined Weak Reference
    _get_lc_monetary                          - Undefined Weak Reference
    _get_lc_numeric                           - Undefined Weak Reference
    _get_lc_time                              - Undefined Weak Reference
    _getenv_init                              - Undefined Weak Reference
    _handle_redirection                       - Undefined Weak Reference
    _init_alloc                               - Undefined Weak Reference
    _init_user_alloc                          - Undefined Weak Reference
    _initio                                   - Undefined Weak Reference
    _mutex_acquire                            - Undefined Weak Reference
    _mutex_release                            - Undefined Weak Reference
    _printf_post_padding                      - Undefined Weak Reference
    _printf_pre_padding                       - Undefined Weak Reference
    _printf_truncate_signed                   - Undefined Weak Reference
    _printf_truncate_unsigned                 - Undefined Weak Reference
    _rand_init                                - Undefined Weak Reference
    _signal_finish                            - Undefined Weak Reference
    _signal_init                              - Undefined Weak Reference
    _terminate_alloc                          - Undefined Weak Reference
    _terminate_user_alloc                     - Undefined Weak Reference
    _terminateio                              - Undefined Weak Reference
    __Vectors_Size                           0x00000188   Number         0  startup_stm32f407xx.o ABSOLUTE
    __Vectors                                0x08000000   Data           4  startup_stm32f407xx.o(RESET)
    __Vectors_End                            0x08000188   Data           0  startup_stm32f407xx.o(RESET)
    __main                                   0x08000189   Thumb Code     8  __main.o(!!!main)
    __scatterload                            0x08000191   Thumb Code     0  __scatter.o(!!!scatter)
    __scatterload_rt2                        0x08000191   Thumb Code    44  __scatter.o(!!!scatter)
    __scatterload_rt2_thumb_only             0x08000191   Thumb Code     0  __scatter.o(!!!scatter)
    __scatterload_null                       0x0800019f   Thumb Code     0  __scatter.o(!!!scatter)
    __scatterload_copy                       0x080001c5   Thumb Code    26  __scatter_copy.o(!!handler_copy)
    __scatterload_zeroinit                   0x080001e1   Thumb Code    28  __scatter_zi.o(!!handler_zi)
    _printf_d                                0x080001fd   Thumb Code     0  _printf_d.o(.ARM.Collect$$_printf_percent$$00000009)
    _printf_percent                          0x080001fd   Thumb Code     0  _printf_percent.o(.ARM.Collect$$_printf_percent$$00000000)
    _printf_percent_end                      0x08000203   Thumb Code     0  _printf_percent_end.o(.ARM.Collect$$_printf_percent$$00000017)
    __rt_lib_init                            0x08000207   Thumb Code     0  libinit.o(.ARM.Collect$$libinit$$00000000)
    __rt_lib_init_fp_1                       0x08000209   Thumb Code     0  libinit2.o(.ARM.Collect$$libinit$$00000001)
    __rt_lib_init_heap_1                     0x0800020d   Thumb Code     0  libinit2.o(.ARM.Collect$$libinit$$0000000A)
    __rt_lib_init_lc_common                  0x0800020d   Thumb Code     0  libinit2.o(.ARM.Collect$$libinit$$0000000F)
    __rt_lib_init_preinit_1                  0x0800020d   Thumb Code     0  libinit2.o(.ARM.Collect$$libinit$$00000004)
    __rt_lib_init_rand_1                     0x0800020d   Thumb Code     0  libinit2.o(.ARM.Collect$$libinit$$0000000E)
    __rt_lib_init_user_alloc_1               0x0800020d   Thumb Code     0  libinit2.o(.ARM.Collect$$libinit$$0000000C)
    __rt_lib_init_lc_collate_1               0x08000213   Thumb Code     0  libinit2.o(.ARM.Collect$$libinit$$00000011)
    __rt_lib_init_lc_ctype_2                 0x08000213   Thumb Code     0  libinit2.o(.ARM.Collect$$libinit$$00000012)
    __rt_lib_init_alloca_1                   0x0800021f   Thumb Code     0  libinit2.o(.ARM.Collect$$libinit$$0000002E)
    __rt_lib_init_argv_1                     0x0800021f   Thumb Code     0  libinit2.o(.ARM.Collect$$libinit$$0000002C)
    __rt_lib_init_atexit_1                   0x0800021f   Thumb Code     0  libinit2.o(.ARM.Collect$$libinit$$0000001B)
    __rt_lib_init_clock_1                    0x0800021f   Thumb Code     0  libinit2.o(.ARM.Collect$$libinit$$00000021)
    __rt_lib_init_cpp_1                      0x0800021f   Thumb Code     0  libinit2.o(.ARM.Collect$$libinit$$00000032)
    __rt_lib_init_exceptions_1               0x0800021f   Thumb Code     0  libinit2.o(.ARM.Collect$$libinit$$00000030)
    __rt_lib_init_fp_trap_1                  0x0800021f   Thumb Code     0  libinit2.o(.ARM.Collect$$libinit$$0000001F)
    __rt_lib_init_getenv_1                   0x0800021f   Thumb Code     0  libinit2.o(.ARM.Collect$$libinit$$00000023)
    __rt_lib_init_lc_ctype_1                 0x0800021f   Thumb Code     0  libinit2.o(.ARM.Collect$$libinit$$00000013)
    __rt_lib_init_lc_monetary_1              0x0800021f   Thumb Code     0  libinit2.o(.ARM.Collect$$libinit$$00000015)
    __rt_lib_init_lc_numeric_1               0x0800021f   Thumb Code     0  libinit2.o(.ARM.Collect$$libinit$$00000017)
    __rt_lib_init_lc_time_1                  0x0800021f   Thumb Code     0  libinit2.o(.ARM.Collect$$libinit$$00000019)
    __rt_lib_init_return                     0x0800021f   Thumb Code     0  libinit2.o(.ARM.Collect$$libinit$$00000033)
    __rt_lib_init_signal_1                   0x0800021f   Thumb Code     0  libinit2.o(.ARM.Collect$$libinit$$0000001D)
    __rt_lib_init_stdio_1                    0x0800021f   Thumb Code     0  libinit2.o(.ARM.Collect$$libinit$$00000025)
    __rt_lib_shutdown                        0x08000221   Thumb Code     0  libshutdown.o(.ARM.Collect$$libshutdown$$00000000)
    __rt_lib_shutdown_cpp_1                  0x08000223   Thumb Code     0  libshutdown2.o(.ARM.Collect$$libshutdown$$00000004)
    __rt_lib_shutdown_fini_1                 0x08000223   Thumb Code     0  libshutdown2.o(.ARM.Collect$$libshutdown$$00000002)
    __rt_lib_shutdown_fp_trap_1              0x08000223   Thumb Code     0  libshutdown2.o(.ARM.Collect$$libshutdown$$00000009)
    __rt_lib_shutdown_heap_1                 0x08000223   Thumb Code     0  libshutdown2.o(.ARM.Collect$$libshutdown$$00000011)
    __rt_lib_shutdown_return                 0x08000223   Thumb Code     0  libshutdown2.o(.ARM.Collect$$libshutdown$$00000012)
    __rt_lib_shutdown_signal_1               0x08000223   Thumb Code     0  libshutdown2.o(.ARM.Collect$$libshutdown$$0000000C)
    __rt_lib_shutdown_stdio_1                0x08000223   Thumb Code     0  libshutdown2.o(.ARM.Collect$$libshutdown$$00000006)
    __rt_lib_shutdown_user_alloc_1           0x08000223   Thumb Code     0  libshutdown2.o(.ARM.Collect$$libshutdown$$0000000E)
    __rt_entry                               0x08000225   Thumb Code     0  __rtentry.o(.ARM.Collect$$rtentry$$00000000)
    __rt_entry_presh_1                       0x08000225   Thumb Code     0  __rtentry2.o(.ARM.Collect$$rtentry$$00000002)
    __rt_entry_sh                            0x08000225   Thumb Code     0  __rtentry4.o(.ARM.Collect$$rtentry$$00000004)
    __rt_entry_li                            0x0800022b   Thumb Code     0  __rtentry2.o(.ARM.Collect$$rtentry$$0000000A)
    __rt_entry_postsh_1                      0x0800022b   Thumb Code     0  __rtentry2.o(.ARM.Collect$$rtentry$$00000009)
    __rt_entry_main                          0x0800022f   Thumb Code     0  __rtentry2.o(.ARM.Collect$$rtentry$$0000000D)
    __rt_entry_postli_1                      0x0800022f   Thumb Code     0  __rtentry2.o(.ARM.Collect$$rtentry$$0000000C)
    __rt_exit                                0x08000237   Thumb Code     0  rtexit.o(.ARM.Collect$$rtexit$$00000000)
    __rt_exit_ls                             0x08000239   Thumb Code     0  rtexit2.o(.ARM.Collect$$rtexit$$00000003)
    __rt_exit_prels_1                        0x08000239   Thumb Code     0  rtexit2.o(.ARM.Collect$$rtexit$$00000002)
    __rt_exit_exit                           0x0800023d   Thumb Code     0  rtexit2.o(.ARM.Collect$$rtexit$$00000004)
    Reset_Handler                            0x08000245   Thumb Code     8  startup_stm32f407xx.o(.text)
    ADC_IRQHandler                           0x0800025f   Thumb Code     0  startup_stm32f407xx.o(.text)
    CAN1_RX0_IRQHandler                      0x0800025f   Thumb Code     0  startup_stm32f407xx.o(.text)
    CAN1_RX1_IRQHandler                      0x0800025f   Thumb Code     0  startup_stm32f407xx.o(.text)
    CAN1_SCE_IRQHandler                      0x0800025f   Thumb Code     0  startup_stm32f407xx.o(.text)
    CAN1_TX_IRQHandler                       0x0800025f   Thumb Code     0  startup_stm32f407xx.o(.text)
    CAN2_RX0_IRQHandler                      0x0800025f   Thumb Code     0  startup_stm32f407xx.o(.text)
    CAN2_RX1_IRQHandler                      0x0800025f   Thumb Code     0  startup_stm32f407xx.o(.text)
    CAN2_SCE_IRQHandler                      0x0800025f   Thumb Code     0  startup_stm32f407xx.o(.text)
    CAN2_TX_IRQHandler                       0x0800025f   Thumb Code     0  startup_stm32f407xx.o(.text)
    DCMI_IRQHandler                          0x0800025f   Thumb Code     0  startup_stm32f407xx.o(.text)
    DMA1_Stream0_IRQHandler                  0x0800025f   Thumb Code     0  startup_stm32f407xx.o(.text)
    DMA1_Stream1_IRQHandler                  0x0800025f   Thumb Code     0  startup_stm32f407xx.o(.text)
    DMA1_Stream2_IRQHandler                  0x0800025f   Thumb Code     0  startup_stm32f407xx.o(.text)
    DMA1_Stream3_IRQHandler                  0x0800025f   Thumb Code     0  startup_stm32f407xx.o(.text)
    DMA1_Stream4_IRQHandler                  0x0800025f   Thumb Code     0  startup_stm32f407xx.o(.text)
    DMA1_Stream5_IRQHandler                  0x0800025f   Thumb Code     0  startup_stm32f407xx.o(.text)
    DMA1_Stream6_IRQHandler                  0x0800025f   Thumb Code     0  startup_stm32f407xx.o(.text)
    DMA1_Stream7_IRQHandler                  0x0800025f   Thumb Code     0  startup_stm32f407xx.o(.text)
    DMA2_Stream0_IRQHandler                  0x0800025f   Thumb Code     0  startup_stm32f407xx.o(.text)
    DMA2_Stream1_IRQHandler                  0x0800025f   Thumb Code     0  startup_stm32f407xx.o(.text)
    DMA2_Stream2_IRQHandler                  0x0800025f   Thumb Code     0  startup_stm32f407xx.o(.text)
    DMA2_Stream3_IRQHandler                  0x0800025f   Thumb Code     0  startup_stm32f407xx.o(.text)
    DMA2_Stream4_IRQHandler                  0x0800025f   Thumb Code     0  startup_stm32f407xx.o(.text)
    DMA2_Stream5_IRQHandler                  0x0800025f   Thumb Code     0  startup_stm32f407xx.o(.text)
    DMA2_Stream6_IRQHandler                  0x0800025f   Thumb Code     0  startup_stm32f407xx.o(.text)
    DMA2_Stream7_IRQHandler                  0x0800025f   Thumb Code     0  startup_stm32f407xx.o(.text)
    ETH_IRQHandler                           0x0800025f   Thumb Code     0  startup_stm32f407xx.o(.text)
    ETH_WKUP_IRQHandler                      0x0800025f   Thumb Code     0  startup_stm32f407xx.o(.text)
    EXTI0_IRQHandler                         0x0800025f   Thumb Code     0  startup_stm32f407xx.o(.text)
    EXTI15_10_IRQHandler                     0x0800025f   Thumb Code     0  startup_stm32f407xx.o(.text)
    EXTI1_IRQHandler                         0x0800025f   Thumb Code     0  startup_stm32f407xx.o(.text)
    EXTI2_IRQHandler                         0x0800025f   Thumb Code     0  startup_stm32f407xx.o(.text)
    EXTI3_IRQHandler                         0x0800025f   Thumb Code     0  startup_stm32f407xx.o(.text)
    EXTI4_IRQHandler                         0x0800025f   Thumb Code     0  startup_stm32f407xx.o(.text)
    EXTI9_5_IRQHandler                       0x0800025f   Thumb Code     0  startup_stm32f407xx.o(.text)
    FLASH_IRQHandler                         0x0800025f   Thumb Code     0  startup_stm32f407xx.o(.text)
    FMC_IRQHandler                           0x0800025f   Thumb Code     0  startup_stm32f407xx.o(.text)
    FPU_IRQHandler                           0x0800025f   Thumb Code     0  startup_stm32f407xx.o(.text)
    HASH_RNG_IRQHandler                      0x0800025f   Thumb Code     0  startup_stm32f407xx.o(.text)
    I2C1_ER_IRQHandler                       0x0800025f   Thumb Code     0  startup_stm32f407xx.o(.text)
    I2C1_EV_IRQHandler                       0x0800025f   Thumb Code     0  startup_stm32f407xx.o(.text)
    I2C2_ER_IRQHandler                       0x0800025f   Thumb Code     0  startup_stm32f407xx.o(.text)
    I2C2_EV_IRQHandler                       0x0800025f   Thumb Code     0  startup_stm32f407xx.o(.text)
    I2C3_ER_IRQHandler                       0x0800025f   Thumb Code     0  startup_stm32f407xx.o(.text)
    I2C3_EV_IRQHandler                       0x0800025f   Thumb Code     0  startup_stm32f407xx.o(.text)
    OTG_FS_IRQHandler                        0x0800025f   Thumb Code     0  startup_stm32f407xx.o(.text)
    OTG_FS_WKUP_IRQHandler                   0x0800025f   Thumb Code     0  startup_stm32f407xx.o(.text)
    OTG_HS_EP1_IN_IRQHandler                 0x0800025f   Thumb Code     0  startup_stm32f407xx.o(.text)
    OTG_HS_EP1_OUT_IRQHandler                0x0800025f   Thumb Code     0  startup_stm32f407xx.o(.text)
    OTG_HS_IRQHandler                        0x0800025f   Thumb Code     0  startup_stm32f407xx.o(.text)
    OTG_HS_WKUP_IRQHandler                   0x0800025f   Thumb Code     0  startup_stm32f407xx.o(.text)
    PVD_IRQHandler                           0x0800025f   Thumb Code     0  startup_stm32f407xx.o(.text)
    RCC_IRQHandler                           0x0800025f   Thumb Code     0  startup_stm32f407xx.o(.text)
    RTC_Alarm_IRQHandler                     0x0800025f   Thumb Code     0  startup_stm32f407xx.o(.text)
    RTC_WKUP_IRQHandler                      0x0800025f   Thumb Code     0  startup_stm32f407xx.o(.text)
    SDIO_IRQHandler                          0x0800025f   Thumb Code     0  startup_stm32f407xx.o(.text)
    SPI1_IRQHandler                          0x0800025f   Thumb Code     0  startup_stm32f407xx.o(.text)
    SPI2_IRQHandler                          0x0800025f   Thumb Code     0  startup_stm32f407xx.o(.text)
    SPI3_IRQHandler                          0x0800025f   Thumb Code     0  startup_stm32f407xx.o(.text)
    TAMP_STAMP_IRQHandler                    0x0800025f   Thumb Code     0  startup_stm32f407xx.o(.text)
    TIM1_BRK_TIM9_IRQHandler                 0x0800025f   Thumb Code     0  startup_stm32f407xx.o(.text)
    TIM1_CC_IRQHandler                       0x0800025f   Thumb Code     0  startup_stm32f407xx.o(.text)
    TIM1_TRG_COM_TIM11_IRQHandler            0x0800025f   Thumb Code     0  startup_stm32f407xx.o(.text)
    TIM1_UP_TIM10_IRQHandler                 0x0800025f   Thumb Code     0  startup_stm32f407xx.o(.text)
    TIM3_IRQHandler                          0x0800025f   Thumb Code     0  startup_stm32f407xx.o(.text)
    TIM4_IRQHandler                          0x0800025f   Thumb Code     0  startup_stm32f407xx.o(.text)
    TIM6_DAC_IRQHandler                      0x0800025f   Thumb Code     0  startup_stm32f407xx.o(.text)
    TIM7_IRQHandler                          0x0800025f   Thumb Code     0  startup_stm32f407xx.o(.text)
    TIM8_BRK_TIM12_IRQHandler                0x0800025f   Thumb Code     0  startup_stm32f407xx.o(.text)
    TIM8_CC_IRQHandler                       0x0800025f   Thumb Code     0  startup_stm32f407xx.o(.text)
    TIM8_TRG_COM_TIM14_IRQHandler            0x0800025f   Thumb Code     0  startup_stm32f407xx.o(.text)
    TIM8_UP_TIM13_IRQHandler                 0x0800025f   Thumb Code     0  startup_stm32f407xx.o(.text)
    UART4_IRQHandler                         0x0800025f   Thumb Code     0  startup_stm32f407xx.o(.text)
    UART5_IRQHandler                         0x0800025f   Thumb Code     0  startup_stm32f407xx.o(.text)
    USART2_IRQHandler                        0x0800025f   Thumb Code     0  startup_stm32f407xx.o(.text)
    USART3_IRQHandler                        0x0800025f   Thumb Code     0  startup_stm32f407xx.o(.text)
    USART6_IRQHandler                        0x0800025f   Thumb Code     0  startup_stm32f407xx.o(.text)
    WWDG_IRQHandler                          0x0800025f   Thumb Code     0  startup_stm32f407xx.o(.text)
    __user_initial_stackheap                 0x08000261   Thumb Code     0  startup_stm32f407xx.o(.text)
    __use_no_semihosting                     0x08000285   Thumb Code     2  use_no_semi_2.o(.text)
    __aeabi_uldivmod                         0x08000287   Thumb Code     0  lludivv7m.o(.text)
    _ll_udiv                                 0x08000287   Thumb Code   238  lludivv7m.o(.text)
    __2printf                                0x08000375   Thumb Code    20  noretval__2printf.o(.text)
    __printf                                 0x0800038d   Thumb Code   104  __printf.o(.text)
    _printf_int_dec                          0x080003f5   Thumb Code   104  _printf_dec.o(.text)
    atoi                                     0x0800046d   Thumb Code    26  atoi.o(.text)
    __aeabi_memclr4                          0x08000487   Thumb Code     0  rt_memclr_w.o(.text)
    __aeabi_memclr8                          0x08000487   Thumb Code     0  rt_memclr_w.o(.text)
    __rt_memclr_w                            0x08000487   Thumb Code    78  rt_memclr_w.o(.text)
    _memset_w                                0x0800048b   Thumb Code     0  rt_memclr_w.o(.text)
    __use_two_region_memory                  0x080004d5   Thumb Code     2  heapauxi.o(.text)
    __rt_heap_escrow$2region                 0x080004d7   Thumb Code     2  heapauxi.o(.text)
    __rt_heap_expand$2region                 0x080004d9   Thumb Code     2  heapauxi.o(.text)
    __I$use$semihosting                      0x080004db   Thumb Code     0  use_no_semi.o(.text)
    __use_no_semihosting_swi                 0x080004db   Thumb Code     2  use_no_semi.o(.text)
    __aeabi_errno_addr                       0x080004dd   Thumb Code     8  rt_errno_addr_intlibspace.o(.text)
    __errno$intlibspace                      0x080004dd   Thumb Code     0  rt_errno_addr_intlibspace.o(.text)
    __rt_errno_addr$intlibspace              0x080004dd   Thumb Code     0  rt_errno_addr_intlibspace.o(.text)
    __read_errno                             0x080004e5   Thumb Code    10  _rserrno.o(.text)
    __set_errno                              0x080004ef   Thumb Code    12  _rserrno.o(.text)
    _printf_int_common                       0x080004fb   Thumb Code   178  _printf_intcommon.o(.text)
    _printf_char_file                        0x080005ad   Thumb Code    32  _printf_char_file.o(.text)
    strtol                                   0x080005d1   Thumb Code   112  strtol.o(.text)
    __user_libspace                          0x08000641   Thumb Code     8  libspace.o(.text)
    __user_perproc_libspace                  0x08000641   Thumb Code     0  libspace.o(.text)
    __user_perthread_libspace                0x08000641   Thumb Code     0  libspace.o(.text)
    __rt_ctype_table                         0x08000649   Thumb Code    16  rt_ctype_table.o(.text)
    _printf_char_common                      0x08000663   Thumb Code    32  _printf_char_common.o(.text)
    _strtoul                                 0x08000689   Thumb Code   158  _strtoul.o(.text)
    ferror                                   0x08000727   Thumb Code     8  ferror.o(.text)
    __user_setup_stackheap                   0x0800072f   Thumb Code    74  sys_stackheap_outer.o(.text)
    __rt_locale                              0x08000779   Thumb Code     8  rt_locale_intlibspace.o(.text)
    _chval                                   0x08000781   Thumb Code    28  _chval.o(.text)
    exit                                     0x0800079d   Thumb Code    18  exit.o(.text)
    strcmp                                   0x080007b1   Thumb Code   128  strcmpv7m.o(.text)
    BusFault_Handler                         0x08000831   Thumb Code     2  stm32f4xx_it.o(i.BusFault_Handler)
    DebugMon_Handler                         0x08000833   Thumb Code     2  stm32f4xx_it.o(i.DebugMon_Handler)
    Error_Handler                            0x08000835   Thumb Code     4  main.o(i.Error_Handler)
    HAL_DMA_Abort                            0x08000839   Thumb Code   146  stm32f4xx_hal_dma.o(i.HAL_DMA_Abort)
    HAL_DMA_Abort_IT                         0x080008cb   Thumb Code    36  stm32f4xx_hal_dma.o(i.HAL_DMA_Abort_IT)
    HAL_GPIO_Init                            0x080008f1   Thumb Code   450  stm32f4xx_hal_gpio.o(i.HAL_GPIO_Init)
    HAL_GPIO_ReadPin                         0x08000ae1   Thumb Code    10  stm32f4xx_hal_gpio.o(i.HAL_GPIO_ReadPin)
    HAL_GPIO_WritePin                        0x08000aeb   Thumb Code    10  stm32f4xx_hal_gpio.o(i.HAL_GPIO_WritePin)
    HAL_GetTick                              0x08000af5   Thumb Code     6  stm32f4xx_hal.o(i.HAL_GetTick)
    HAL_IncTick                              0x08000b01   Thumb Code    12  stm32f4xx_hal.o(i.HAL_IncTick)
    HAL_Init                                 0x08000b11   Thumb Code    48  stm32f4xx_hal.o(i.HAL_Init)
    HAL_InitTick                             0x08000b45   Thumb Code    54  stm32f4xx_hal.o(i.HAL_InitTick)
    HAL_MspInit                              0x08000b85   Thumb Code    48  stm32f4xx_hal_msp.o(i.HAL_MspInit)
    HAL_NVIC_EnableIRQ                       0x08000bb9   Thumb Code    26  stm32f4xx_hal_cortex.o(i.HAL_NVIC_EnableIRQ)
    HAL_NVIC_SetPriority                     0x08000bd5   Thumb Code    60  stm32f4xx_hal_cortex.o(i.HAL_NVIC_SetPriority)
    HAL_NVIC_SetPriorityGrouping             0x08000c15   Thumb Code    26  stm32f4xx_hal_cortex.o(i.HAL_NVIC_SetPriorityGrouping)
    HAL_RCC_ClockConfig                      0x08000c39   Thumb Code   288  stm32f4xx_hal_rcc.o(i.HAL_RCC_ClockConfig)
    HAL_RCC_GetPCLK1Freq                     0x08000d6d   Thumb Code    20  stm32f4xx_hal_rcc.o(i.HAL_RCC_GetPCLK1Freq)
    HAL_RCC_GetPCLK2Freq                     0x08000d8d   Thumb Code    20  stm32f4xx_hal_rcc.o(i.HAL_RCC_GetPCLK2Freq)
    HAL_RCC_GetSysClockFreq                  0x08000dad   Thumb Code    88  stm32f4xx_hal_rcc.o(i.HAL_RCC_GetSysClockFreq)
    HAL_RCC_OscConfig                        0x08000e0d   Thumb Code   856  stm32f4xx_hal_rcc.o(i.HAL_RCC_OscConfig)
    HAL_SYSTICK_Config                       0x08001179   Thumb Code    40  stm32f4xx_hal_cortex.o(i.HAL_SYSTICK_Config)
    HAL_TIMEx_BreakCallback                  0x080011a1   Thumb Code     2  stm32f4xx_hal_tim_ex.o(i.HAL_TIMEx_BreakCallback)
    HAL_TIMEx_CommutCallback                 0x080011a3   Thumb Code     2  stm32f4xx_hal_tim_ex.o(i.HAL_TIMEx_CommutCallback)
    HAL_TIMEx_MasterConfigSynchronization    0x080011a5   Thumb Code   116  stm32f4xx_hal_tim_ex.o(i.HAL_TIMEx_MasterConfigSynchronization)
    HAL_TIM_Base_Init                        0x08001235   Thumb Code    90  stm32f4xx_hal_tim.o(i.HAL_TIM_Base_Init)
    HAL_TIM_Base_MspInit                     0x08001291   Thumb Code   130  tim.o(i.HAL_TIM_Base_MspInit)
    HAL_TIM_Base_Start_IT                    0x08001325   Thumb Code   100  stm32f4xx_hal_tim.o(i.HAL_TIM_Base_Start_IT)
    HAL_TIM_Base_Stop_IT                     0x080013a5   Thumb Code    48  stm32f4xx_hal_tim.o(i.HAL_TIM_Base_Stop_IT)
    HAL_TIM_ConfigClockSource                0x080013d5   Thumb Code   220  stm32f4xx_hal_tim.o(i.HAL_TIM_ConfigClockSource)
    HAL_TIM_IC_CaptureCallback               0x080014b1   Thumb Code     2  stm32f4xx_hal_tim.o(i.HAL_TIM_IC_CaptureCallback)
    HAL_TIM_IRQHandler                       0x080014b3   Thumb Code   304  stm32f4xx_hal_tim.o(i.HAL_TIM_IRQHandler)
    HAL_TIM_MspPostInit                      0x080015e5   Thumb Code   102  tim.o(i.HAL_TIM_MspPostInit)
    HAL_TIM_OC_DelayElapsedCallback          0x08001661   Thumb Code     2  stm32f4xx_hal_tim.o(i.HAL_TIM_OC_DelayElapsedCallback)
    HAL_TIM_PWM_ConfigChannel                0x08001663   Thumb Code   204  stm32f4xx_hal_tim.o(i.HAL_TIM_PWM_ConfigChannel)
    HAL_TIM_PWM_Init                         0x0800172f   Thumb Code    90  stm32f4xx_hal_tim.o(i.HAL_TIM_PWM_Init)
    HAL_TIM_PWM_MspInit                      0x08001789   Thumb Code     2  stm32f4xx_hal_tim.o(i.HAL_TIM_PWM_MspInit)
    HAL_TIM_PWM_PulseFinishedCallback        0x0800178b   Thumb Code     2  stm32f4xx_hal_tim.o(i.HAL_TIM_PWM_PulseFinishedCallback)
    HAL_TIM_PWM_Start                        0x0800178d   Thumb Code   172  stm32f4xx_hal_tim.o(i.HAL_TIM_PWM_Start)
    HAL_TIM_PWM_Stop                         0x08001855   Thumb Code   114  stm32f4xx_hal_tim.o(i.HAL_TIM_PWM_Stop)
    HAL_TIM_PeriodElapsedCallback            0x080018d1   Thumb Code    54  main.o(i.HAL_TIM_PeriodElapsedCallback)
    HAL_TIM_TriggerCallback                  0x08001915   Thumb Code     2  stm32f4xx_hal_tim.o(i.HAL_TIM_TriggerCallback)
    HAL_UARTEx_RxEventCallback               0x08001917   Thumb Code     2  stm32f4xx_hal_uart.o(i.HAL_UARTEx_RxEventCallback)
    HAL_UART_ErrorCallback                   0x08001919   Thumb Code     2  stm32f4xx_hal_uart.o(i.HAL_UART_ErrorCallback)
    HAL_UART_IRQHandler                      0x0800191d   Thumb Code   618  stm32f4xx_hal_uart.o(i.HAL_UART_IRQHandler)
    HAL_UART_Init                            0x08001b8d   Thumb Code   100  stm32f4xx_hal_uart.o(i.HAL_UART_Init)
    HAL_UART_MspInit                         0x08001bf1   Thumb Code   132  usart.o(i.HAL_UART_MspInit)
    HAL_UART_Receive_IT                      0x08001c85   Thumb Code    28  stm32f4xx_hal_uart.o(i.HAL_UART_Receive_IT)
    HAL_UART_RxCpltCallback                  0x08001ca1   Thumb Code   302  main.o(i.HAL_UART_RxCpltCallback)
    HAL_UART_TxCpltCallback                  0x08001de5   Thumb Code     2  stm32f4xx_hal_uart.o(i.HAL_UART_TxCpltCallback)
    HardFault_Handler                        0x08001de7   Thumb Code     2  stm32f4xx_it.o(i.HardFault_Handler)
    MX_GPIO_Init                             0x08001de9   Thumb Code   184  gpio.o(i.MX_GPIO_Init)
    MX_TIM2_Init                             0x08001ead   Thumb Code    96  tim.o(i.MX_TIM2_Init)
    MX_TIM3_Init                             0x08001f11   Thumb Code   146  tim.o(i.MX_TIM3_Init)
    MX_TIM4_Init                             0x08001fad   Thumb Code   148  tim.o(i.MX_TIM4_Init)
    MX_TIM5_Init                             0x08002049   Thumb Code    94  tim.o(i.MX_TIM5_Init)
    MX_USART1_UART_Init                      0x080020b1   Thumb Code    48  usart.o(i.MX_USART1_UART_Init)
    MemManage_Handler                        0x080020e9   Thumb Code     2  stm32f4xx_it.o(i.MemManage_Handler)
    NMI_Handler                              0x080020eb   Thumb Code     2  stm32f4xx_it.o(i.NMI_Handler)
    PendSV_Handler                           0x080020ed   Thumb Code     2  stm32f4xx_it.o(i.PendSV_Handler)
    SVC_Handler                              0x080020ef   Thumb Code     2  stm32f4xx_it.o(i.SVC_Handler)
    SysTick_Handler                          0x080020f1   Thumb Code     4  stm32f4xx_it.o(i.SysTick_Handler)
    SystemClock_Config                       0x080020f5   Thumb Code   138  main.o(i.SystemClock_Config)
    SystemInit                               0x08002189   Thumb Code    12  system_stm32f4xx.o(i.SystemInit)
    TIM2_IRQHandler                          0x08002199   Thumb Code     6  stm32f4xx_it.o(i.TIM2_IRQHandler)
    TIM5_IRQHandler                          0x080021a5   Thumb Code     6  stm32f4xx_it.o(i.TIM5_IRQHandler)
    TIM_Base_SetConfig                       0x080021b1   Thumb Code   170  stm32f4xx_hal_tim.o(i.TIM_Base_SetConfig)
    TIM_CCxChannelCmd                        0x08002289   Thumb Code    26  stm32f4xx_hal_tim.o(i.TIM_CCxChannelCmd)
    TIM_ETR_SetConfig                        0x080022a3   Thumb Code    20  stm32f4xx_hal_tim.o(i.TIM_ETR_SetConfig)
    TIM_OC2_SetConfig                        0x08002329   Thumb Code    98  stm32f4xx_hal_tim.o(i.TIM_OC2_SetConfig)
    UART_Start_Receive_IT                    0x080026c1   Thumb Code    54  stm32f4xx_hal_uart.o(i.UART_Start_Receive_IT)
    USART1_IRQHandler                        0x080026f9   Thumb Code     6  stm32f4xx_it.o(i.USART1_IRQHandler)
    UsageFault_Handler                       0x08002705   Thumb Code     2  stm32f4xx_it.o(i.UsageFault_Handler)
    __ARM_fpclassify                         0x08002707   Thumb Code    48  fpclassify.o(i.__ARM_fpclassify)
    __hardfp_pow                             0x08002759   Thumb Code  3072  pow.o(i.__hardfp_pow)
    __kernel_poly                            0x080033a9   Thumb Code   248  poly.o(i.__kernel_poly)
    __mathlib_dbl_divzero                    0x080034a1   Thumb Code    28  dunder.o(i.__mathlib_dbl_divzero)
    __mathlib_dbl_infnan2                    0x080034d1   Thumb Code    20  dunder.o(i.__mathlib_dbl_infnan2)
    __mathlib_dbl_invalid                    0x080034e9   Thumb Code    24  dunder.o(i.__mathlib_dbl_invalid)
    __mathlib_dbl_overflow                   0x08003509   Thumb Code    24  dunder.o(i.__mathlib_dbl_overflow)
    __mathlib_dbl_underflow                  0x08003529   Thumb Code    24  dunder.o(i.__mathlib_dbl_underflow)
    _sys_exit                                0x08003549   Thumb Code     2  main.o(i._sys_exit)
    fabs                                     0x0800354b   Thumb Code    24  fabs.o(i.fabs)
    fputc                                    0x08003565   Thumb Code    14  main.o(i.fputc)
    main                                     0x08003579   Thumb Code   434  main.o(i.main)
    sqrt                                     0x080037c1   Thumb Code   110  sqrt.o(i.sqrt)
    _get_lc_ctype                            0x08003831   Thumb Code    44  lc_ctype_c.o(locale$$code)
    __aeabi_dneg                             0x0800385d   Thumb Code     0  basic.o(x$fpl$basic)
    _dneg                                    0x0800385d   Thumb Code     6  basic.o(x$fpl$basic)
    __aeabi_fneg                             0x08003863   Thumb Code     0  basic.o(x$fpl$basic)
    _fneg                                    0x08003863   Thumb Code     6  basic.o(x$fpl$basic)
    _dabs                                    0x08003869   Thumb Code     6  basic.o(x$fpl$basic)
    _fabs                                    0x0800386f   Thumb Code     6  basic.o(x$fpl$basic)
    __aeabi_dadd                             0x08003875   Thumb Code     0  daddsub_clz.o(x$fpl$dadd)
    _dadd                                    0x08003875   Thumb Code   332  daddsub_clz.o(x$fpl$dadd)
    __fpl_dcheck_NaN1                        0x080039c5   Thumb Code    10  dcheck1.o(x$fpl$dcheck1)
    __fpl_dcmp_Inf                           0x080039d5   Thumb Code    24  dcmpi.o(x$fpl$dcmpinf)
    __aeabi_ddiv                             0x080039ed   Thumb Code     0  ddiv.o(x$fpl$ddiv)
    _ddiv                                    0x080039ed   Thumb Code   552  ddiv.o(x$fpl$ddiv)
    __aeabi_d2iz                             0x08003c9d   Thumb Code     0  dfix.o(x$fpl$dfix)
    _dfix                                    0x08003c9d   Thumb Code    94  dfix.o(x$fpl$dfix)
    __aeabi_i2d                              0x08003cfb   Thumb Code     0  dflt_clz.o(x$fpl$dflt)
    _dflt                                    0x08003cfb   Thumb Code    46  dflt_clz.o(x$fpl$dflt)
    __aeabi_cdcmple                          0x08003d29   Thumb Code     0  dleqf.o(x$fpl$dleqf)
    _dcmple                                  0x08003d29   Thumb Code   120  dleqf.o(x$fpl$dleqf)
    __fpl_dcmple_InfNaN                      0x08003d8b   Thumb Code     0  dleqf.o(x$fpl$dleqf)
    __aeabi_dmul                             0x08003da1   Thumb Code     0  dmul.o(x$fpl$dmul)
    _dmul                                    0x08003da1   Thumb Code   332  dmul.o(x$fpl$dmul)
    __fpl_dnaninf                            0x08003ef5   Thumb Code   156  dnaninf.o(x$fpl$dnaninf)
    __fpl_dretinf                            0x08003f91   Thumb Code    12  dretinf.o(x$fpl$dretinf)
    __aeabi_cdrcmple                         0x08003f9d   Thumb Code     0  drleqf.o(x$fpl$drleqf)
    _drcmple                                 0x08003f9d   Thumb Code   108  drleqf.o(x$fpl$drleqf)
    __aeabi_drsub                            0x08004009   Thumb Code     0  daddsub_clz.o(x$fpl$drsb)
    _drsb                                    0x08004009   Thumb Code    22  daddsub_clz.o(x$fpl$drsb)
    _dsqrt                                   0x08004021   Thumb Code   404  dsqrt_umaal.o(x$fpl$dsqrt)
    __aeabi_dsub                             0x080041b9   Thumb Code     0  daddsub_clz.o(x$fpl$dsub)
    _dsub                                    0x080041b9   Thumb Code   464  daddsub_clz.o(x$fpl$dsub)
    _fp_init                                 0x0800438d   Thumb Code    10  fpinit.o(x$fpl$fpinit)
    __fplib_config_fpu_vfp                   0x08004395   Thumb Code     0  fpinit.o(x$fpl$fpinit)
    __fplib_config_pureend_doubles           0x08004395   Thumb Code     0  fpinit.o(x$fpl$fpinit)
    __fpl_return_NaN                         0x08004397   Thumb Code   100  retnan.o(x$fpl$retnan)
    __ARM_scalbn                             0x080043fb   Thumb Code    92  scalbn.o(x$fpl$scalbn)
    __fpl_cmpreturn                          0x08004457   Thumb Code    48  trapv.o(x$fpl$trapveneer)
    AHBPrescTable                            0x08004486   Data          16  system_stm32f4xx.o(.constdata)
    __I$use$fp                               0x08004486   Number         0  usenofp.o(x$fpl$usenofp)
    APBPrescTable                            0x08004496   Data           8  system_stm32f4xx.o(.constdata)
    __mathlib_zero                           0x08004528   Data           8  qnan.o(.constdata)
    Region$$Table$$Base                      0x0800458c   Number         0  anon$$obj.o(Region$$Table)
    Region$$Table$$Limit                     0x080045ac   Number         0  anon$$obj.o(Region$$Table)
    __ctype                                  0x080045b9   Data           0  lc_ctype_c.o(locale$$data)
    counter_2                                0x20000000   Data           4  main.o(.data)
    counter_5                                0x20000004   Data           4  main.o(.data)
    axialdata_effective                      0x20000008   Data           4  main.o(.data)
    radialdata_effective                     0x2000000c   Data           4  main.o(.data)
    input_effect                             0x20000010   Data           4  main.o(.data)
    axial_timeout                            0x20000014   Data           4  main.o(.data)
    radial_timeout                           0x20000018   Data           4  main.o(.data)
    tim5_cnt                                 0x2000001c   Data           4  main.o(.data)
    tim2_cnt                                 0x20000020   Data           4  main.o(.data)
    axial_head_exti_flag                     0x20000024   Data           4  main.o(.data)
    axial_tail_exti_flag                     0x20000028   Data           4  main.o(.data)
    radial_left_exti_flag                    0x2000002c   Data           4  main.o(.data)
    radial_right_exti_flag                   0x20000030   Data           4  main.o(.data)
    axial_speed                              0x20000034   Data           4  main.o(.data)
    axial_time                               0x20000038   Data           4  main.o(.data)
    radial_speed                             0x2000003c   Data           4  main.o(.data)
    radial_time                              0x20000040   Data           4  main.o(.data)
    flag1                                    0x20000044   Data           4  main.o(.data)
    flag2                                    0x20000048   Data           4  main.o(.data)
    flag3                                    0x2000004c   Data           4  main.o(.data)
    flag4                                    0x20000050   Data           4  main.o(.data)
    counter_3                                0x20000054   Data           4  main.o(.data)
    counter_4                                0x20000058   Data           4  main.o(.data)
    __stdout                                 0x2000005c   Data           4  main.o(.data)
    uwTickFreq                               0x20000060   Data           1  stm32f4xx_hal.o(.data)
    uwTickPrio                               0x20000064   Data           4  stm32f4xx_hal.o(.data)
    uwTick                                   0x20000068   Data           4  stm32f4xx_hal.o(.data)
    SystemCoreClock                          0x2000006c   Data           4  system_stm32f4xx.o(.data)
    htim2                                    0x20000070   Data          72  tim.o(.bss)
    htim3                                    0x200000b8   Data          72  tim.o(.bss)
    htim4                                    0x20000100   Data          72  tim.o(.bss)
    htim5                                    0x20000148   Data          72  tim.o(.bss)
    RxBuffer                                 0x20000190   Data          19  usart.o(.bss)
    huart1                                   0x200001a4   Data          72  usart.o(.bss)
    __libspace_start                         0x200001ec   Data          96  libspace.o(.bss)
    __temporary_stack_top$libspace           0x2000024c   Data           0  libspace.o(.bss)



==============================================================================

Memory Map of the image

  Image Entry point : 0x08000189

  Load Region LR_IROM1 (Base: 0x08000000, Size: 0x0000472c, Max: 0x00100000, ABSOLUTE)

    Execution Region ER_IROM1 (Exec base: 0x08000000, Load base: 0x08000000, Size: 0x000046bc, Max: 0x00100000, ABSOLUTE)

    Exec Addr    Load Addr    Size         Type   Attr      Idx    E Section Name        Object

    0x08000000   0x08000000   0x00000188   Data   RO            3    RESET               startup_stm32f407xx.o
    0x08000188   0x08000188   0x00000008   Code   RO         3006  * !!!main             c_w.l(__main.o)
    0x08000190   0x08000190   0x00000034   Code   RO         3307    !!!scatter          c_w.l(__scatter.o)
    0x080001c4   0x080001c4   0x0000001a   Code   RO         3309    !!handler_copy      c_w.l(__scatter_copy.o)
    0x080001de   0x080001de   0x00000002   PAD
    0x080001e0   0x080001e0   0x0000001c   Code   RO         3311    !!handler_zi        c_w.l(__scatter_zi.o)
    0x080001fc   0x080001fc   0x00000000   Code   RO         2999    .ARM.Collect$$_printf_percent$$00000000  c_w.l(_printf_percent.o)
    0x080001fc   0x080001fc   0x00000006   Code   RO         2998    .ARM.Collect$$_printf_percent$$00000009  c_w.l(_printf_d.o)
    0x08000202   0x08000202   0x00000004   Code   RO         3052    .ARM.Collect$$_printf_percent$$00000017  c_w.l(_printf_percent_end.o)
    0x08000206   0x08000206   0x00000002   Code   RO         3174    .ARM.Collect$$libinit$$00000000  c_w.l(libinit.o)
    0x08000208   0x08000208   0x00000004   Code   RO         3189    .ARM.Collect$$libinit$$00000001  c_w.l(libinit2.o)
    0x0800020c   0x0800020c   0x00000000   Code   RO         3192    .ARM.Collect$$libinit$$00000004  c_w.l(libinit2.o)
    0x0800020c   0x0800020c   0x00000000   Code   RO         3195    .ARM.Collect$$libinit$$0000000A  c_w.l(libinit2.o)
    0x0800020c   0x0800020c   0x00000000   Code   RO         3197    .ARM.Collect$$libinit$$0000000C  c_w.l(libinit2.o)
    0x0800020c   0x0800020c   0x00000000   Code   RO         3199    .ARM.Collect$$libinit$$0000000E  c_w.l(libinit2.o)
    0x0800020c   0x0800020c   0x00000006   Code   RO         3200    .ARM.Collect$$libinit$$0000000F  c_w.l(libinit2.o)
    0x08000212   0x08000212   0x00000000   Code   RO         3202    .ARM.Collect$$libinit$$00000011  c_w.l(libinit2.o)
    0x08000212   0x08000212   0x0000000c   Code   RO         3203    .ARM.Collect$$libinit$$00000012  c_w.l(libinit2.o)
    0x0800021e   0x0800021e   0x00000000   Code   RO         3204    .ARM.Collect$$libinit$$00000013  c_w.l(libinit2.o)
    0x0800021e   0x0800021e   0x00000000   Code   RO         3206    .ARM.Collect$$libinit$$00000015  c_w.l(libinit2.o)
    0x0800021e   0x0800021e   0x00000000   Code   RO         3208    .ARM.Collect$$libinit$$00000017  c_w.l(libinit2.o)
    0x0800021e   0x0800021e   0x00000000   Code   RO         3210    .ARM.Collect$$libinit$$00000019  c_w.l(libinit2.o)
    0x0800021e   0x0800021e   0x00000000   Code   RO         3212    .ARM.Collect$$libinit$$0000001B  c_w.l(libinit2.o)
    0x0800021e   0x0800021e   0x00000000   Code   RO         3214    .ARM.Collect$$libinit$$0000001D  c_w.l(libinit2.o)
    0x0800021e   0x0800021e   0x00000000   Code   RO         3216    .ARM.Collect$$libinit$$0000001F  c_w.l(libinit2.o)
    0x0800021e   0x0800021e   0x00000000   Code   RO         3218    .ARM.Collect$$libinit$$00000021  c_w.l(libinit2.o)
    0x0800021e   0x0800021e   0x00000000   Code   RO         3220    .ARM.Collect$$libinit$$00000023  c_w.l(libinit2.o)
    0x0800021e   0x0800021e   0x00000000   Code   RO         3222    .ARM.Collect$$libinit$$00000025  c_w.l(libinit2.o)
    0x0800021e   0x0800021e   0x00000000   Code   RO         3226    .ARM.Collect$$libinit$$0000002C  c_w.l(libinit2.o)
    0x0800021e   0x0800021e   0x00000000   Code   RO         3228    .ARM.Collect$$libinit$$0000002E  c_w.l(libinit2.o)
    0x0800021e   0x0800021e   0x00000000   Code   RO         3230    .ARM.Collect$$libinit$$00000030  c_w.l(libinit2.o)
    0x0800021e   0x0800021e   0x00000000   Code   RO         3232    .ARM.Collect$$libinit$$00000032  c_w.l(libinit2.o)
    0x0800021e   0x0800021e   0x00000002   Code   RO         3233    .ARM.Collect$$libinit$$00000033  c_w.l(libinit2.o)
    0x08000220   0x08000220   0x00000002   Code   RO         3261    .ARM.Collect$$libshutdown$$00000000  c_w.l(libshutdown.o)
    0x08000222   0x08000222   0x00000000   Code   RO         3288    .ARM.Collect$$libshutdown$$00000002  c_w.l(libshutdown2.o)
    0x08000222   0x08000222   0x00000000   Code   RO         3290    .ARM.Collect$$libshutdown$$00000004  c_w.l(libshutdown2.o)
    0x08000222   0x08000222   0x00000000   Code   RO         3292    .ARM.Collect$$libshutdown$$00000006  c_w.l(libshutdown2.o)
    0x08000222   0x08000222   0x00000000   Code   RO         3295    .ARM.Collect$$libshutdown$$00000009  c_w.l(libshutdown2.o)
    0x08000222   0x08000222   0x00000000   Code   RO         3298    .ARM.Collect$$libshutdown$$0000000C  c_w.l(libshutdown2.o)
    0x08000222   0x08000222   0x00000000   Code   RO         3300    .ARM.Collect$$libshutdown$$0000000E  c_w.l(libshutdown2.o)
    0x08000222   0x08000222   0x00000000   Code   RO         3303    .ARM.Collect$$libshutdown$$00000011  c_w.l(libshutdown2.o)
    0x08000222   0x08000222   0x00000002   Code   RO         3304    .ARM.Collect$$libshutdown$$00000012  c_w.l(libshutdown2.o)
    0x08000224   0x08000224   0x00000000   Code   RO         3036    .ARM.Collect$$rtentry$$00000000  c_w.l(__rtentry.o)
    0x08000224   0x08000224   0x00000000   Code   RO         3117    .ARM.Collect$$rtentry$$00000002  c_w.l(__rtentry2.o)
    0x08000224   0x08000224   0x00000006   Code   RO         3129    .ARM.Collect$$rtentry$$00000004  c_w.l(__rtentry4.o)
    0x0800022a   0x0800022a   0x00000000   Code   RO         3119    .ARM.Collect$$rtentry$$00000009  c_w.l(__rtentry2.o)
    0x0800022a   0x0800022a   0x00000004   Code   RO         3120    .ARM.Collect$$rtentry$$0000000A  c_w.l(__rtentry2.o)
    0x0800022e   0x0800022e   0x00000000   Code   RO         3122    .ARM.Collect$$rtentry$$0000000C  c_w.l(__rtentry2.o)
    0x0800022e   0x0800022e   0x00000008   Code   RO         3123    .ARM.Collect$$rtentry$$0000000D  c_w.l(__rtentry2.o)
    0x08000236   0x08000236   0x00000002   Code   RO         3179    .ARM.Collect$$rtexit$$00000000  c_w.l(rtexit.o)
    0x08000238   0x08000238   0x00000000   Code   RO         3237    .ARM.Collect$$rtexit$$00000002  c_w.l(rtexit2.o)
    0x08000238   0x08000238   0x00000004   Code   RO         3238    .ARM.Collect$$rtexit$$00000003  c_w.l(rtexit2.o)
    0x0800023c   0x0800023c   0x00000006   Code   RO         3239    .ARM.Collect$$rtexit$$00000004  c_w.l(rtexit2.o)
    0x08000242   0x08000242   0x00000002   PAD
    0x08000244   0x08000244   0x00000040   Code   RO            4    .text               startup_stm32f407xx.o
    0x08000284   0x08000284   0x00000002   Code   RO         2966    .text               c_w.l(use_no_semi_2.o)
    0x08000286   0x08000286   0x000000ee   Code   RO         2968    .text               c_w.l(lludivv7m.o)
    0x08000374   0x08000374   0x00000018   Code   RO         2972    .text               c_w.l(noretval__2printf.o)
    0x0800038c   0x0800038c   0x00000068   Code   RO         2974    .text               c_w.l(__printf.o)
    0x080003f4   0x080003f4   0x00000078   Code   RO         2976    .text               c_w.l(_printf_dec.o)
    0x0800046c   0x0800046c   0x0000001a   Code   RO         3000    .text               c_w.l(atoi.o)
    0x08000486   0x08000486   0x0000004e   Code   RO         3002    .text               c_w.l(rt_memclr_w.o)
    0x080004d4   0x080004d4   0x00000006   Code   RO         3004    .text               c_w.l(heapauxi.o)
    0x080004da   0x080004da   0x00000002   Code   RO         3034    .text               c_w.l(use_no_semi.o)
    0x080004dc   0x080004dc   0x00000008   Code   RO         3044    .text               c_w.l(rt_errno_addr_intlibspace.o)
    0x080004e4   0x080004e4   0x00000016   Code   RO         3046    .text               c_w.l(_rserrno.o)
    0x080004fa   0x080004fa   0x000000b2   Code   RO         3048    .text               c_w.l(_printf_intcommon.o)
    0x080005ac   0x080005ac   0x00000024   Code   RO         3050    .text               c_w.l(_printf_char_file.o)
    0x080005d0   0x080005d0   0x00000070   Code   RO         3053    .text               c_w.l(strtol.o)
    0x08000640   0x08000640   0x00000008   Code   RO         3113    .text               c_w.l(libspace.o)
    0x08000648   0x08000648   0x00000010   Code   RO         3131    .text               c_w.l(rt_ctype_table.o)
    0x08000658   0x08000658   0x00000030   Code   RO         3135    .text               c_w.l(_printf_char_common.o)
    0x08000688   0x08000688   0x0000009e   Code   RO         3137    .text               c_w.l(_strtoul.o)
    0x08000726   0x08000726   0x00000008   Code   RO         3139    .text               c_w.l(ferror.o)
    0x0800072e   0x0800072e   0x0000004a   Code   RO         3149    .text               c_w.l(sys_stackheap_outer.o)
    0x08000778   0x08000778   0x00000008   Code   RO         3154    .text               c_w.l(rt_locale_intlibspace.o)
    0x08000780   0x08000780   0x0000001c   Code   RO         3158    .text               c_w.l(_chval.o)
    0x0800079c   0x0800079c   0x00000012   Code   RO         3163    .text               c_w.l(exit.o)
    0x080007ae   0x080007ae   0x00000002   PAD
    0x080007b0   0x080007b0   0x00000080   Code   RO         3187    .text               c_w.l(strcmpv7m.o)
    0x08000830   0x08000830   0x00000002   Code   RO          337    i.BusFault_Handler  stm32f4xx_it.o
    0x08000832   0x08000832   0x00000002   Code   RO          338    i.DebugMon_Handler  stm32f4xx_it.o
    0x08000834   0x08000834   0x00000004   Code   RO           13    i.Error_Handler     main.o
    0x08000838   0x08000838   0x00000092   Code   RO         1890    i.HAL_DMA_Abort     stm32f4xx_hal_dma.o
    0x080008ca   0x080008ca   0x00000024   Code   RO         1891    i.HAL_DMA_Abort_IT  stm32f4xx_hal_dma.o
    0x080008ee   0x080008ee   0x00000002   PAD
    0x080008f0   0x080008f0   0x000001f0   Code   RO         1783    i.HAL_GPIO_Init     stm32f4xx_hal_gpio.o
    0x08000ae0   0x08000ae0   0x0000000a   Code   RO         1785    i.HAL_GPIO_ReadPin  stm32f4xx_hal_gpio.o
    0x08000aea   0x08000aea   0x0000000a   Code   RO         1787    i.HAL_GPIO_WritePin  stm32f4xx_hal_gpio.o
    0x08000af4   0x08000af4   0x0000000c   Code   RO         2321    i.HAL_GetTick       stm32f4xx_hal.o
    0x08000b00   0x08000b00   0x00000010   Code   RO         2327    i.HAL_IncTick       stm32f4xx_hal.o
    0x08000b10   0x08000b10   0x00000034   Code   RO         2328    i.HAL_Init          stm32f4xx_hal.o
    0x08000b44   0x08000b44   0x00000040   Code   RO         2329    i.HAL_InitTick      stm32f4xx_hal.o
    0x08000b84   0x08000b84   0x00000034   Code   RO          431    i.HAL_MspInit       stm32f4xx_hal_msp.o
    0x08000bb8   0x08000bb8   0x0000001a   Code   RO         2173    i.HAL_NVIC_EnableIRQ  stm32f4xx_hal_cortex.o
    0x08000bd2   0x08000bd2   0x00000002   PAD
    0x08000bd4   0x08000bd4   0x00000040   Code   RO         2179    i.HAL_NVIC_SetPriority  stm32f4xx_hal_cortex.o
    0x08000c14   0x08000c14   0x00000024   Code   RO         2180    i.HAL_NVIC_SetPriorityGrouping  stm32f4xx_hal_cortex.o
    0x08000c38   0x08000c38   0x00000134   Code   RO         1429    i.HAL_RCC_ClockConfig  stm32f4xx_hal_rcc.o
    0x08000d6c   0x08000d6c   0x00000020   Code   RO         1436    i.HAL_RCC_GetPCLK1Freq  stm32f4xx_hal_rcc.o
    0x08000d8c   0x08000d8c   0x00000020   Code   RO         1437    i.HAL_RCC_GetPCLK2Freq  stm32f4xx_hal_rcc.o
    0x08000dac   0x08000dac   0x00000060   Code   RO         1438    i.HAL_RCC_GetSysClockFreq  stm32f4xx_hal_rcc.o
    0x08000e0c   0x08000e0c   0x0000036c   Code   RO         1441    i.HAL_RCC_OscConfig  stm32f4xx_hal_rcc.o
    0x08001178   0x08001178   0x00000028   Code   RO         2184    i.HAL_SYSTICK_Config  stm32f4xx_hal_cortex.o
    0x080011a0   0x080011a0   0x00000002   Code   RO         1161    i.HAL_TIMEx_BreakCallback  stm32f4xx_hal_tim_ex.o
    0x080011a2   0x080011a2   0x00000002   Code   RO         1162    i.HAL_TIMEx_CommutCallback  stm32f4xx_hal_tim_ex.o
    0x080011a4   0x080011a4   0x00000090   Code   RO         1180    i.HAL_TIMEx_MasterConfigSynchronization  stm32f4xx_hal_tim_ex.o
    0x08001234   0x08001234   0x0000005a   Code   RO          457    i.HAL_TIM_Base_Init  stm32f4xx_hal_tim.o
    0x0800128e   0x0800128e   0x00000002   PAD
    0x08001290   0x08001290   0x00000094   Code   RO          229    i.HAL_TIM_Base_MspInit  tim.o
    0x08001324   0x08001324   0x00000080   Code   RO          462    i.HAL_TIM_Base_Start_IT  stm32f4xx_hal_tim.o
    0x080013a4   0x080013a4   0x00000030   Code   RO          465    i.HAL_TIM_Base_Stop_IT  stm32f4xx_hal_tim.o
    0x080013d4   0x080013d4   0x000000dc   Code   RO          466    i.HAL_TIM_ConfigClockSource  stm32f4xx_hal_tim.o
    0x080014b0   0x080014b0   0x00000002   Code   RO          491    i.HAL_TIM_IC_CaptureCallback  stm32f4xx_hal_tim.o
    0x080014b2   0x080014b2   0x00000130   Code   RO          505    i.HAL_TIM_IRQHandler  stm32f4xx_hal_tim.o
    0x080015e2   0x080015e2   0x00000002   PAD
    0x080015e4   0x080015e4   0x0000007c   Code   RO          230    i.HAL_TIM_MspPostInit  tim.o
    0x08001660   0x08001660   0x00000002   Code   RO          508    i.HAL_TIM_OC_DelayElapsedCallback  stm32f4xx_hal_tim.o
    0x08001662   0x08001662   0x000000cc   Code   RO          529    i.HAL_TIM_PWM_ConfigChannel  stm32f4xx_hal_tim.o
    0x0800172e   0x0800172e   0x0000005a   Code   RO          532    i.HAL_TIM_PWM_Init  stm32f4xx_hal_tim.o
    0x08001788   0x08001788   0x00000002   Code   RO          534    i.HAL_TIM_PWM_MspInit  stm32f4xx_hal_tim.o
    0x0800178a   0x0800178a   0x00000002   Code   RO          535    i.HAL_TIM_PWM_PulseFinishedCallback  stm32f4xx_hal_tim.o
    0x0800178c   0x0800178c   0x000000c8   Code   RO          537    i.HAL_TIM_PWM_Start  stm32f4xx_hal_tim.o
    0x08001854   0x08001854   0x0000007c   Code   RO          540    i.HAL_TIM_PWM_Stop  stm32f4xx_hal_tim.o
    0x080018d0   0x080018d0   0x00000044   Code   RO           14    i.HAL_TIM_PeriodElapsedCallback  main.o
    0x08001914   0x08001914   0x00000002   Code   RO          548    i.HAL_TIM_TriggerCallback  stm32f4xx_hal_tim.o
    0x08001916   0x08001916   0x00000002   Code   RO         2578    i.HAL_UARTEx_RxEventCallback  stm32f4xx_hal_uart.o
    0x08001918   0x08001918   0x00000002   Code   RO         2592    i.HAL_UART_ErrorCallback  stm32f4xx_hal_uart.o
    0x0800191a   0x0800191a   0x00000002   PAD
    0x0800191c   0x0800191c   0x00000270   Code   RO         2595    i.HAL_UART_IRQHandler  stm32f4xx_hal_uart.o
    0x08001b8c   0x08001b8c   0x00000064   Code   RO         2596    i.HAL_UART_Init     stm32f4xx_hal_uart.o
    0x08001bf0   0x08001bf0   0x00000094   Code   RO          295    i.HAL_UART_MspInit  usart.o
    0x08001c84   0x08001c84   0x0000001c   Code   RO         2601    i.HAL_UART_Receive_IT  stm32f4xx_hal_uart.o
    0x08001ca0   0x08001ca0   0x00000144   Code   RO           15    i.HAL_UART_RxCpltCallback  main.o
    0x08001de4   0x08001de4   0x00000002   Code   RO         2607    i.HAL_UART_TxCpltCallback  stm32f4xx_hal_uart.o
    0x08001de6   0x08001de6   0x00000002   Code   RO          339    i.HardFault_Handler  stm32f4xx_it.o
    0x08001de8   0x08001de8   0x000000c4   Code   RO          204    i.MX_GPIO_Init      gpio.o
    0x08001eac   0x08001eac   0x00000064   Code   RO          231    i.MX_TIM2_Init      tim.o
    0x08001f10   0x08001f10   0x0000009c   Code   RO          232    i.MX_TIM3_Init      tim.o
    0x08001fac   0x08001fac   0x0000009c   Code   RO          233    i.MX_TIM4_Init      tim.o
    0x08002048   0x08002048   0x00000068   Code   RO          234    i.MX_TIM5_Init      tim.o
    0x080020b0   0x080020b0   0x00000038   Code   RO          296    i.MX_USART1_UART_Init  usart.o
    0x080020e8   0x080020e8   0x00000002   Code   RO          340    i.MemManage_Handler  stm32f4xx_it.o
    0x080020ea   0x080020ea   0x00000002   Code   RO          341    i.NMI_Handler       stm32f4xx_it.o
    0x080020ec   0x080020ec   0x00000002   Code   RO          342    i.PendSV_Handler    stm32f4xx_it.o
    0x080020ee   0x080020ee   0x00000002   Code   RO          343    i.SVC_Handler       stm32f4xx_it.o
    0x080020f0   0x080020f0   0x00000004   Code   RO          344    i.SysTick_Handler   stm32f4xx_it.o
    0x080020f4   0x080020f4   0x00000094   Code   RO           16    i.SystemClock_Config  main.o
    0x08002188   0x08002188   0x00000010   Code   RO         2930    i.SystemInit        system_stm32f4xx.o
    0x08002198   0x08002198   0x0000000c   Code   RO          345    i.TIM2_IRQHandler   stm32f4xx_it.o
    0x080021a4   0x080021a4   0x0000000c   Code   RO          346    i.TIM5_IRQHandler   stm32f4xx_it.o
    0x080021b0   0x080021b0   0x000000d8   Code   RO          550    i.TIM_Base_SetConfig  stm32f4xx_hal_tim.o
    0x08002288   0x08002288   0x0000001a   Code   RO          551    i.TIM_CCxChannelCmd  stm32f4xx_hal_tim.o
    0x080022a2   0x080022a2   0x00000014   Code   RO          561    i.TIM_ETR_SetConfig  stm32f4xx_hal_tim.o
    0x080022b6   0x080022b6   0x00000010   Code   RO          562    i.TIM_ITRx_SetConfig  stm32f4xx_hal_tim.o
    0x080022c6   0x080022c6   0x00000002   PAD
    0x080022c8   0x080022c8   0x00000060   Code   RO          563    i.TIM_OC1_SetConfig  stm32f4xx_hal_tim.o
    0x08002328   0x08002328   0x0000006c   Code   RO          564    i.TIM_OC2_SetConfig  stm32f4xx_hal_tim.o
    0x08002394   0x08002394   0x00000068   Code   RO          565    i.TIM_OC3_SetConfig  stm32f4xx_hal_tim.o
    0x080023fc   0x080023fc   0x00000050   Code   RO          566    i.TIM_OC4_SetConfig  stm32f4xx_hal_tim.o
    0x0800244c   0x0800244c   0x00000022   Code   RO          568    i.TIM_TI1_ConfigInputStage  stm32f4xx_hal_tim.o
    0x0800246e   0x0800246e   0x00000024   Code   RO          570    i.TIM_TI2_ConfigInputStage  stm32f4xx_hal_tim.o
    0x08002492   0x08002492   0x00000010   Code   RO         2609    i.UART_DMAAbortOnError  stm32f4xx_hal_uart.o
    0x080024a2   0x080024a2   0x0000004e   Code   RO         2619    i.UART_EndRxTransfer  stm32f4xx_hal_uart.o
    0x080024f0   0x080024f0   0x000000c2   Code   RO         2621    i.UART_Receive_IT   stm32f4xx_hal_uart.o
    0x080025b2   0x080025b2   0x00000002   PAD
    0x080025b4   0x080025b4   0x0000010c   Code   RO         2622    i.UART_SetConfig    stm32f4xx_hal_uart.o
    0x080026c0   0x080026c0   0x00000036   Code   RO         2624    i.UART_Start_Receive_IT  stm32f4xx_hal_uart.o
    0x080026f6   0x080026f6   0x00000002   PAD
    0x080026f8   0x080026f8   0x0000000c   Code   RO          347    i.USART1_IRQHandler  stm32f4xx_it.o
    0x08002704   0x08002704   0x00000002   Code   RO          348    i.UsageFault_Handler  stm32f4xx_it.o
    0x08002706   0x08002706   0x00000030   Code   RO         3096    i.__ARM_fpclassify  m_wm.l(fpclassify.o)
    0x08002736   0x08002736   0x00000020   Code   RO         2186    i.__NVIC_SetPriority  stm32f4xx_hal_cortex.o
    0x08002756   0x08002756   0x00000002   PAD
    0x08002758   0x08002758   0x00000c50   Code   RO         3020    i.__hardfp_pow      m_wm.l(pow.o)
    0x080033a8   0x080033a8   0x000000f8   Code   RO         3098    i.__kernel_poly     m_wm.l(poly.o)
    0x080034a0   0x080034a0   0x00000030   Code   RO         3076    i.__mathlib_dbl_divzero  m_wm.l(dunder.o)
    0x080034d0   0x080034d0   0x00000014   Code   RO         3078    i.__mathlib_dbl_infnan2  m_wm.l(dunder.o)
    0x080034e4   0x080034e4   0x00000004   PAD
    0x080034e8   0x080034e8   0x00000020   Code   RO         3079    i.__mathlib_dbl_invalid  m_wm.l(dunder.o)
    0x08003508   0x08003508   0x00000020   Code   RO         3080    i.__mathlib_dbl_overflow  m_wm.l(dunder.o)
    0x08003528   0x08003528   0x00000020   Code   RO         3082    i.__mathlib_dbl_underflow  m_wm.l(dunder.o)
    0x08003548   0x08003548   0x00000002   Code   RO           17    i._sys_exit         main.o
    0x0800354a   0x0800354a   0x00000018   Code   RO         3092    i.fabs              m_wm.l(fabs.o)
    0x08003562   0x08003562   0x00000002   PAD
    0x08003564   0x08003564   0x00000014   Code   RO           18    i.fputc             main.o
    0x08003578   0x08003578   0x00000248   Code   RO           19    i.main              main.o
    0x080037c0   0x080037c0   0x0000006e   Code   RO         3103    i.sqrt              m_wm.l(sqrt.o)
    0x0800382e   0x0800382e   0x00000002   PAD
    0x08003830   0x08003830   0x0000002c   Code   RO         3161    locale$$code        c_w.l(lc_ctype_c.o)
    0x0800385c   0x0800385c   0x00000018   Code   RO         3055    x$fpl$basic         fz_wm.l(basic.o)
    0x08003874   0x08003874   0x00000150   Code   RO         3057    x$fpl$dadd          fz_wm.l(daddsub_clz.o)
    0x080039c4   0x080039c4   0x00000010   Code   RO         3143    x$fpl$dcheck1       fz_wm.l(dcheck1.o)
    0x080039d4   0x080039d4   0x00000018   Code   RO         3175    x$fpl$dcmpinf       fz_wm.l(dcmpi.o)
    0x080039ec   0x080039ec   0x000002b0   Code   RO         3064    x$fpl$ddiv          fz_wm.l(ddiv.o)
    0x08003c9c   0x08003c9c   0x0000005e   Code   RO         3008    x$fpl$dfix          fz_wm.l(dfix.o)
    0x08003cfa   0x08003cfa   0x0000002e   Code   RO         3013    x$fpl$dflt          fz_wm.l(dflt_clz.o)
    0x08003d28   0x08003d28   0x00000078   Code   RO         3145    x$fpl$dleqf         fz_wm.l(dleqf.o)
    0x08003da0   0x08003da0   0x00000154   Code   RO         3018    x$fpl$dmul          fz_wm.l(dmul.o)
    0x08003ef4   0x08003ef4   0x0000009c   Code   RO         3067    x$fpl$dnaninf       fz_wm.l(dnaninf.o)
    0x08003f90   0x08003f90   0x0000000c   Code   RO         3069    x$fpl$dretinf       fz_wm.l(dretinf.o)
    0x08003f9c   0x08003f9c   0x0000006c   Code   RO         3071    x$fpl$drleqf        fz_wm.l(drleqf.o)
    0x08004008   0x08004008   0x00000016   Code   RO         3058    x$fpl$drsb          fz_wm.l(daddsub_clz.o)
    0x0800401e   0x0800401e   0x00000002   PAD
    0x08004020   0x08004020   0x00000198   Code   RO         3147    x$fpl$dsqrt         fz_wm.l(dsqrt_umaal.o)
    0x080041b8   0x080041b8   0x000001d4   Code   RO         3059    x$fpl$dsub          fz_wm.l(daddsub_clz.o)
    0x0800438c   0x0800438c   0x0000000a   Code   RO         3249    x$fpl$fpinit        fz_wm.l(fpinit.o)
    0x08004396   0x08004396   0x00000064   Code   RO         3177    x$fpl$retnan        fz_wm.l(retnan.o)
    0x080043fa   0x080043fa   0x0000005c   Code   RO         3073    x$fpl$scalbn        fz_wm.l(scalbn.o)
    0x08004456   0x08004456   0x00000030   Code   RO         3234    x$fpl$trapveneer    fz_wm.l(trapv.o)
    0x08004486   0x08004486   0x00000000   Code   RO         3075    x$fpl$usenofp       fz_wm.l(usenofp.o)
    0x08004486   0x08004486   0x00000010   Data   RO         2931    .constdata          system_stm32f4xx.o
    0x08004496   0x08004496   0x00000008   Data   RO         2932    .constdata          system_stm32f4xx.o
    0x0800449e   0x0800449e   0x00000002   PAD
    0x080044a0   0x080044a0   0x00000088   Data   RO         3023    .constdata          m_wm.l(pow.o)
    0x08004528   0x08004528   0x00000008   Data   RO         3100    .constdata          m_wm.l(qnan.o)
    0x08004530   0x08004530   0x0000005b   Data   RO           20    .conststring        main.o
    0x0800458b   0x0800458b   0x00000001   PAD
    0x0800458c   0x0800458c   0x00000020   Data   RO         3305    Region$$Table       anon$$obj.o
    0x080045ac   0x080045ac   0x00000110   Data   RO         3160    locale$$data        c_w.l(lc_ctype_c.o)


    Execution Region RW_IRAM1 (Exec base: 0x20000000, Load base: 0x080046bc, Size: 0x00000850, Max: 0x0001c000, ABSOLUTE)

    Exec Addr    Load Addr    Size         Type   Attr      Idx    E Section Name        Object

    0x20000000   0x080046bc   0x0000005c   Data   RW           21    .data               main.o
    0x2000005c   0x08004718   0x00000004   Data   RW           26    .data               main.o
    0x20000060   0x0800471c   0x0000000c   Data   RW         2335    .data               stm32f4xx_hal.o
    0x2000006c   0x08004728   0x00000004   Data   RW         2933    .data               system_stm32f4xx.o
    0x20000070        -       0x00000120   Zero   RW          235    .bss                tim.o
    0x20000190        -       0x00000013   Zero   RW          297    .bss                usart.o
    0x200001a3   0x0800472c   0x00000001   PAD
    0x200001a4        -       0x00000048   Zero   RW          298    .bss                usart.o
    0x200001ec        -       0x00000060   Zero   RW         3114    .bss                c_w.l(libspace.o)
    0x2000024c   0x0800472c   0x00000004   PAD
    0x20000250        -       0x00000200   Zero   RW            2    HEAP                startup_stm32f407xx.o
    0x20000450        -       0x00000400   Zero   RW            1    STACK               startup_stm32f407xx.o


    Execution Region RW_IRAM2 (Exec base: 0x2001c000, Load base: 0x0800472c, Size: 0x00000000, Max: 0x00004000, ABSOLUTE)

    **** No section assigned to this execution region ****


==============================================================================

Image component sizes


      Code (inc. data)   RO Data    RW Data    ZI Data      Debug   Object Name

       196         12          0          0          0       1039   gpio.o
      1150        202         91         96          0     698517   main.o
        64         26        392          0       1536        852   startup_stm32f407xx.o
       144         24          0         12          0       8837   stm32f4xx_hal.o
       198         14          0          0          0      33899   stm32f4xx_hal_cortex.o
       182          0          0          0          0       2123   stm32f4xx_hal_dma.o
       516         46          0          0          0       2883   stm32f4xx_hal_gpio.o
        52          4          0          0          0        886   stm32f4xx_hal_msp.o
      1344         72          0          0          0       5288   stm32f4xx_hal_rcc.o
      2154        148          0          0          0      18672   stm32f4xx_hal_tim.o
       148         28          0          0          0       2521   stm32f4xx_hal_tim_ex.o
      1368         16          0          0          0       9360   stm32f4xx_hal_uart.o
        56         18          0          0          0       5674   stm32f4xx_it.o
        16          4         24          4          0       1151   system_stm32f4xx.o
       788         72          0          0        288       4727   tim.o
       204         24          0          0         91       1811   usart.o

    ----------------------------------------------------------------------
      8598        710        542        112       1916     798240   Object Totals
         0          0         32          0          0          0   (incl. Generated)
        18          0          3          0          1          0   (incl. Padding)

    ----------------------------------------------------------------------

      Code (inc. data)   RO Data    RW Data    ZI Data      Debug   Library Member Name

         8          0          0          0          0         68   __main.o
       104          0          0          0          0         84   __printf.o
         0          0          0          0          0          0   __rtentry.o
        12          0          0          0          0          0   __rtentry2.o
         6          0          0          0          0          0   __rtentry4.o
        52          8          0          0          0          0   __scatter.o
        26          0          0          0          0          0   __scatter_copy.o
        28          0          0          0          0          0   __scatter_zi.o
        28          0          0          0          0         68   _chval.o
        48          6          0          0          0         96   _printf_char_common.o
        36          4          0          0          0         80   _printf_char_file.o
         6          0          0          0          0          0   _printf_d.o
       120         16          0          0          0         92   _printf_dec.o
       178          0          0          0          0         88   _printf_intcommon.o
         0          0          0          0          0          0   _printf_percent.o
         4          0          0          0          0          0   _printf_percent_end.o
        22          0          0          0          0        100   _rserrno.o
       158          0          0          0          0         92   _strtoul.o
        26          0          0          0          0         80   atoi.o
        18          0          0          0          0         80   exit.o
         8          0          0          0          0         68   ferror.o
         6          0          0          0          0        152   heapauxi.o
        44         10        272          0          0         76   lc_ctype_c.o
         2          0          0          0          0          0   libinit.o
        24          0          0          0          0          0   libinit2.o
         2          0          0          0          0          0   libshutdown.o
         2          0          0          0          0          0   libshutdown2.o
         8          4          0          0         96         68   libspace.o
       238          0          0          0          0        100   lludivv7m.o
        24          4          0          0          0         84   noretval__2printf.o
        16          4          0          0          0         76   rt_ctype_table.o
         8          4          0          0          0         68   rt_errno_addr_intlibspace.o
         8          4          0          0          0         68   rt_locale_intlibspace.o
        78          0          0          0          0         80   rt_memclr_w.o
         2          0          0          0          0          0   rtexit.o
        10          0          0          0          0          0   rtexit2.o
       128          0          0          0          0         68   strcmpv7m.o
       112          0          0          0          0         88   strtol.o
        74          0          0          0          0         80   sys_stackheap_outer.o
         2          0          0          0          0         68   use_no_semi.o
         2          0          0          0          0         68   use_no_semi_2.o
        24          0          0          0          0        164   basic.o
       826         16          0          0          0        492   daddsub_clz.o
        16          4          0          0          0        116   dcheck1.o
        24          0          0          0          0        116   dcmpi.o
       688        140          0          0          0        256   ddiv.o
        94          4          0          0          0        140   dfix.o
        46          0          0          0          0        116   dflt_clz.o
       120          4          0          0          0        140   dleqf.o
       340         12          0          0          0        152   dmul.o
       156          4          0          0          0        140   dnaninf.o
        12          0          0          0          0        116   dretinf.o
       108          0          0          0          0        128   drleqf.o
       408         56          0          0          0        168   dsqrt_umaal.o
        10          0          0          0          0        116   fpinit.o
       100          0          0          0          0        116   retnan.o
        92          0          0          0          0        116   scalbn.o
        48          0          0          0          0        116   trapv.o
         0          0          0          0          0          0   usenofp.o
       164         44          0          0          0        620   dunder.o
        24          0          0          0          0        124   fabs.o
        48          0          0          0          0        124   fpclassify.o
       248          0          0          0          0        152   poly.o
      3152        296        136          0          0        352   pow.o
         0          0          8          0          0          0   qnan.o
       110          0          0          0          0        148   sqrt.o

    ----------------------------------------------------------------------
      8552        644        416          0        100       6368   Library Totals
        16          0          0          0          4          0   (incl. Padding)

    ----------------------------------------------------------------------

      Code (inc. data)   RO Data    RW Data    ZI Data      Debug   Library Name

      1678         64        272          0         96       2140   c_w.l
      3112        240          0          0          0       2708   fz_wm.l
      3746        340        144          0          0       1520   m_wm.l

    ----------------------------------------------------------------------
      8552        644        416          0        100       6368   Library Totals

    ----------------------------------------------------------------------

==============================================================================


      Code (inc. data)   RO Data    RW Data    ZI Data      Debug   

     17150       1354        958        112       2016     792664   Grand Totals
     17150       1354        958        112       2016     792664   ELF Image Totals
     17150       1354        958        112          0          0   ROM Totals

==============================================================================

    Total RO  Size (Code + RO Data)                18108 (  17.68kB)
    Total RW  Size (RW Data + ZI Data)              2128 (   2.08kB)
    Total ROM Size (Code + RO Data + RW Data)      18220 (  17.79kB)

==============================================================================

